Archive member included to satisfy reference by file (symbol)

C:/ST/STM32CubeIDE_1.13.2/STM32CubeIDE/plugins/com.st.stm32cube.ide.mcu.externaltools.gnu-tools-for-stm32.13.3.rel1.win32_1.0.0.202411081344/tools/bin/../lib/gcc/arm-none-eabi/13.3.1/../../../../arm-none-eabi/lib/thumb/v7-m/nofp\libc_nano.a(libc_a-exit.o)
                              C:/ST/STM32CubeIDE_1.13.2/STM32CubeIDE/plugins/com.st.stm32cube.ide.mcu.externaltools.gnu-tools-for-stm32.13.3.rel1.win32_1.0.0.202411081344/tools/bin/../lib/gcc/arm-none-eabi/13.3.1/../../../../arm-none-eabi/lib/thumb/v7-m/nofp/crt0.o (exit)
C:/ST/STM32CubeIDE_1.13.2/STM32CubeIDE/plugins/com.st.stm32cube.ide.mcu.externaltools.gnu-tools-for-stm32.13.3.rel1.win32_1.0.0.202411081344/tools/bin/../lib/gcc/arm-none-eabi/13.3.1/../../../../arm-none-eabi/lib/thumb/v7-m/nofp\libc_nano.a(libc_a-malloc.o)
                              ./Core/Src/mm_floodfill.o (malloc)
C:/ST/STM32CubeIDE_1.13.2/STM32CubeIDE/plugins/com.st.stm32cube.ide.mcu.externaltools.gnu-tools-for-stm32.13.3.rel1.win32_1.0.0.202411081344/tools/bin/../lib/gcc/arm-none-eabi/13.3.1/../../../../arm-none-eabi/lib/thumb/v7-m/nofp\libc_nano.a(libc_a-mallocr.o)
                              C:/ST/STM32CubeIDE_1.13.2/STM32CubeIDE/plugins/com.st.stm32cube.ide.mcu.externaltools.gnu-tools-for-stm32.13.3.rel1.win32_1.0.0.202411081344/tools/bin/../lib/gcc/arm-none-eabi/13.3.1/../../../../arm-none-eabi/lib/thumb/v7-m/nofp\libc_nano.a(libc_a-malloc.o) (_malloc_r)
C:/ST/STM32CubeIDE_1.13.2/STM32CubeIDE/plugins/com.st.stm32cube.ide.mcu.externaltools.gnu-tools-for-stm32.13.3.rel1.win32_1.0.0.202411081344/tools/bin/../lib/gcc/arm-none-eabi/13.3.1/../../../../arm-none-eabi/lib/thumb/v7-m/nofp\libc_nano.a(libc_a-mlock.o)
                              C:/ST/STM32CubeIDE_1.13.2/STM32CubeIDE/plugins/com.st.stm32cube.ide.mcu.externaltools.gnu-tools-for-stm32.13.3.rel1.win32_1.0.0.202411081344/tools/bin/../lib/gcc/arm-none-eabi/13.3.1/../../../../arm-none-eabi/lib/thumb/v7-m/nofp\libc_nano.a(libc_a-mallocr.o) (__malloc_lock)
C:/ST/STM32CubeIDE_1.13.2/STM32CubeIDE/plugins/com.st.stm32cube.ide.mcu.externaltools.gnu-tools-for-stm32.13.3.rel1.win32_1.0.0.202411081344/tools/bin/../lib/gcc/arm-none-eabi/13.3.1/../../../../arm-none-eabi/lib/thumb/v7-m/nofp\libc_nano.a(libc_a-findfp.o)
                              C:/ST/STM32CubeIDE_1.13.2/STM32CubeIDE/plugins/com.st.stm32cube.ide.mcu.externaltools.gnu-tools-for-stm32.13.3.rel1.win32_1.0.0.202411081344/tools/bin/../lib/gcc/arm-none-eabi/13.3.1/../../../../arm-none-eabi/lib/thumb/v7-m/nofp\libc_nano.a(libc_a-exit.o) (__stdio_exit_handler)
C:/ST/STM32CubeIDE_1.13.2/STM32CubeIDE/plugins/com.st.stm32cube.ide.mcu.externaltools.gnu-tools-for-stm32.13.3.rel1.win32_1.0.0.202411081344/tools/bin/../lib/gcc/arm-none-eabi/13.3.1/../../../../arm-none-eabi/lib/thumb/v7-m/nofp\libc_nano.a(libc_a-fwalk.o)
                              C:/ST/STM32CubeIDE_1.13.2/STM32CubeIDE/plugins/com.st.stm32cube.ide.mcu.externaltools.gnu-tools-for-stm32.13.3.rel1.win32_1.0.0.202411081344/tools/bin/../lib/gcc/arm-none-eabi/13.3.1/../../../../arm-none-eabi/lib/thumb/v7-m/nofp\libc_nano.a(libc_a-findfp.o) (_fwalk_sglue)
C:/ST/STM32CubeIDE_1.13.2/STM32CubeIDE/plugins/com.st.stm32cube.ide.mcu.externaltools.gnu-tools-for-stm32.13.3.rel1.win32_1.0.0.202411081344/tools/bin/../lib/gcc/arm-none-eabi/13.3.1/../../../../arm-none-eabi/lib/thumb/v7-m/nofp\libc_nano.a(libc_a-stdio.o)
                              C:/ST/STM32CubeIDE_1.13.2/STM32CubeIDE/plugins/com.st.stm32cube.ide.mcu.externaltools.gnu-tools-for-stm32.13.3.rel1.win32_1.0.0.202411081344/tools/bin/../lib/gcc/arm-none-eabi/13.3.1/../../../../arm-none-eabi/lib/thumb/v7-m/nofp\libc_nano.a(libc_a-findfp.o) (__sread)
C:/ST/STM32CubeIDE_1.13.2/STM32CubeIDE/plugins/com.st.stm32cube.ide.mcu.externaltools.gnu-tools-for-stm32.13.3.rel1.win32_1.0.0.202411081344/tools/bin/../lib/gcc/arm-none-eabi/13.3.1/../../../../arm-none-eabi/lib/thumb/v7-m/nofp\libc_nano.a(libc_a-memset.o)
                              C:/ST/STM32CubeIDE_1.13.2/STM32CubeIDE/plugins/com.st.stm32cube.ide.mcu.externaltools.gnu-tools-for-stm32.13.3.rel1.win32_1.0.0.202411081344/tools/bin/../lib/gcc/arm-none-eabi/13.3.1/../../../../arm-none-eabi/lib/thumb/v7-m/nofp/crt0.o (memset)
C:/ST/STM32CubeIDE_1.13.2/STM32CubeIDE/plugins/com.st.stm32cube.ide.mcu.externaltools.gnu-tools-for-stm32.13.3.rel1.win32_1.0.0.202411081344/tools/bin/../lib/gcc/arm-none-eabi/13.3.1/../../../../arm-none-eabi/lib/thumb/v7-m/nofp\libc_nano.a(libc_a-closer.o)
                              C:/ST/STM32CubeIDE_1.13.2/STM32CubeIDE/plugins/com.st.stm32cube.ide.mcu.externaltools.gnu-tools-for-stm32.13.3.rel1.win32_1.0.0.202411081344/tools/bin/../lib/gcc/arm-none-eabi/13.3.1/../../../../arm-none-eabi/lib/thumb/v7-m/nofp\libc_nano.a(libc_a-stdio.o) (_close_r)
[...]
Memory Configuration

Name             Origin             Length             Attributes
RAM              0x20000000         0x00005000         xrw
FLASH            0x08000000         0x00010000         xr
*default*        0x00000000         0xffffffff

Linker script and memory map

LOAD C:/ST/STM32CubeIDE_1.13.2/STM32CubeIDE/plugins/com.st.stm32cube.ide.mcu.externaltools.gnu-tools-for-stm32.13.3.rel1.win32_1.0.0.202411081344/tools/bin/../lib/gcc/arm-none-eabi/13.3.1/thumb/v7-m/nofp/crti.o
LOAD C:/ST/STM32CubeIDE_1.13.2/STM32CubeIDE/plugins/com.st.stm32cube.ide.mcu.externaltools.gnu-tools-for-stm32.13.3.rel1.win32_1.0.0.202411081344/tools/bin/../lib/gcc/arm-none-eabi/13.3.1/thumb/v7-m/nofp/crtbegin.o
LOAD C:/ST/STM32CubeIDE_1.13.2/STM32CubeIDE/plugins/com.st.stm32cube.ide.mcu.externaltools.gnu-tools-for-stm32.13.3.rel1.win32_1.0.0.202411081344/tools/bin/../lib/gcc/arm-none-eabi/13.3.1/../../../../arm-none-eabi/lib/thumb/v7-m/nofp/crt0.o
LOAD ./Core/Src/main.o
LOAD ./Core/Src/mm_commands.o
LOAD ./Core/Src/mm_encoders.o
LOAD ./Core/Src/mm_floodfill.o
LOAD ./Core/Src/mm_motors.o
LOAD ./Core/Src/mm_profiles.o
LOAD ./Core/Src/mm_supplemental.o
LOAD ./Core/Src/mm_systick.o
LOAD ./Core/Src/mm_vision.o
LOAD ./Core/Src/stm32f1xx_hal_msp.o
LOAD ./Core/Src/stm32f1xx_it.o
LOAD ./Core/Src/syscalls.o
LOAD ./Core/Src/sysmem.o
LOAD ./Core/Src/system_stm32f1xx.o
LOAD ./Core/Startup/startup_stm32f103c8tx.o
LOAD ./Drivers/STM32F1xx_HAL_Driver/Src/stm32f1xx_hal.o
LOAD ./Drivers/STM32F1xx_HAL_Driver/Src/stm32f1xx_hal_adc.o
LOAD ./Drivers/STM32F1xx_HAL_Driver/Src/stm32f1xx_hal_adc_ex.o
LOAD ./Drivers/STM32F1xx_HAL_Driver/Src/stm32f1xx_hal_cortex.o
LOAD ./Drivers/STM32F1xx_HAL_Driver/Src/stm32f1xx_hal_dma.o
LOAD ./Drivers/STM32F1xx_HAL_Driver/Src/stm32f1xx_hal_exti.o
LOAD ./Drivers/STM32F1xx_HAL_Driver/Src/stm32f1xx_hal_flash.o
LOAD ./Drivers/STM32F1xx_HAL_Driver/Src/stm32f1xx_hal_flash_ex.o
LOAD ./Drivers/STM32F1xx_HAL_Driver/Src/stm32f1xx_hal_gpio.o
LOAD ./Drivers/STM32F1xx_HAL_Driver/Src/stm32f1xx_hal_gpio_ex.o
LOAD ./Drivers/STM32F1xx_HAL_Driver/Src/stm32f1xx_hal_pwr.o
LOAD ./Drivers/STM32F1xx_HAL_Driver/Src/stm32f1xx_hal_rcc.o
LOAD ./Drivers/STM32F1xx_HAL_Driver/Src/stm32f1xx_hal_rcc_ex.o
LOAD ./Drivers/STM32F1xx_HAL_Driver/Src/stm32f1xx_hal_tim.o
LOAD ./Drivers/STM32F1xx_HAL_Driver/Src/stm32f1xx_hal_tim_ex.o
LOAD ./Drivers/STM32F1xx_HAL_Driver/Src/stm32f1xx_hal_uart.o
START GROUP
LOAD C:/ST/STM32CubeIDE_1.13.2/STM32CubeIDE/plugins/com.st.stm32cube.ide.mcu.externaltools.gnu-tools-for-stm32.13.3.rel1.win32_1.0.0.202411081344/tools/bin/../lib/gcc/arm-none-eabi/13.3.1/../../../../arm-none-eabi/lib/thumb/v7-m/nofp\libc_nano.a
LOAD C:/ST/STM32CubeIDE_1.13.2/STM32CubeIDE/plugins/com.st.stm32cube.ide.mcu.externaltools.gnu-tools-for-stm32.13.3.rel1.win32_1.0.0.202411081344/tools/bin/../lib/gcc/arm-none-eabi/13.3.1/../../../../arm-none-eabi/lib/thumb/v7-m/nofp\libm.a
END GROUP
START GROUP
LOAD C:/ST/STM32CubeIDE_1.13.2/STM32CubeIDE/plugins/com.st.stm32cube.ide.mcu.externaltools.gnu-tools-for-stm32.13.3.rel1.win32_1.0.0.202411081344/tools/bin/../lib/gcc/arm-none-eabi/13.3.1/thumb/v7-m/nofp\libgcc.a
LOAD C:/ST/STM32CubeIDE_1.13.2/STM32CubeIDE/plugins/com.st.stm32cube.ide.mcu.externaltools.gnu-tools-for-stm32.13.3.rel1.win32_1.0.0.202411081344/tools/bin/../lib/gcc/arm-none-eabi/13.3.1/../../../../arm-none-eabi/lib/thumb/v7-m/nofp\libc_nano.a
END GROUP
START GROUP
LOAD C:/ST/STM32CubeIDE_1.13.2/STM32CubeIDE/plugins/com.st.stm32cube.ide.mcu.externaltools.gnu-tools-for-stm32.13.3.rel1.win32_1.0.0.202411081344/tools/bin/../lib/gcc/arm-none-eabi/13.3.1/thumb/v7-m/nofp\libgcc.a
LOAD C:/ST/STM32CubeIDE_1.13.2/STM32CubeIDE/plugins/com.st.stm32cube.ide.mcu.externaltools.gnu-tools-for-stm32.13.3.rel1.win32_1.0.0.202411081344/tools/bin/../lib/gcc/arm-none-eabi/13.3.1/../../../../arm-none-eabi/lib/thumb/v7-m/nofp\libc_nano.a
LOAD C:/ST/STM32CubeIDE_1.13.2/STM32CubeIDE/plugins/com.st.stm32cube.ide.mcu.externaltools.gnu-tools-for-stm32.13.3.rel1.win32_1.0.0.202411081344/tools/bin/../lib/gcc/arm-none-eabi/13.3.1/../../../../arm-none-eabi/lib/thumb/v7-m/nofp\libnosys.a
END GROUP
START GROUP
LOAD C:/ST/STM32CubeIDE_1.13.2/STM32CubeIDE/plugins/com.st.stm32cube.ide.mcu.externaltools.gnu-tools-for-stm32.13.3.rel1.win32_1.0.0.202411081344/tools/bin/../lib/gcc/arm-none-eabi/13.3.1/thumb/v7-m/nofp\libgcc.a
LOAD C:/ST/STM32CubeIDE_1.13.2/STM32CubeIDE/plugins/com.st.stm32cube.ide.mcu.externaltools.gnu-tools-for-stm32.13.3.rel1.win32_1.0.0.202411081344/tools/bin/../lib/gcc/arm-none-eabi/13.3.1/../../../../arm-none-eabi/lib/thumb/v7-m/nofp\libc_nano.a
LOAD C:/ST/STM32CubeIDE_1.13.2/STM32CubeIDE/plugins/com.st.stm32cube.ide.mcu.externaltools.gnu-tools-for-stm32.13.3.rel1.win32_1.0.0.202411081344/tools/bin/../lib/gcc/arm-none-eabi/13.3.1/../../../../arm-none-eabi/lib/thumb/v7-m/nofp\libnosys.a
END GROUP
LOAD C:/ST/STM32CubeIDE_1.13.2/STM32CubeIDE/plugins/com.st.stm32cube.ide.mcu.externaltools.gnu-tools-for-stm32.13.3.rel1.win32_1.0.0.202411081344/tools/bin/../lib/gcc/arm-none-eabi/13.3.1/thumb/v7-m/nofp/crtend.o
LOAD C:/ST/STM32CubeIDE_1.13.2/STM32CubeIDE/plugins/com.st.stm32cube.ide.mcu.externaltools.gnu-tools-for-stm32.13.3.rel1.win32_1.0.0.202411081344/tools/bin/../lib/gcc/arm-none-eabi/13.3.1/thumb/v7-m/nofp/crtn.o
                0x20005000                        _estack = (ORIGIN (RAM) + LENGTH (RAM))
                0x00000200                        _Min_Heap_Size = 0x200
                0x00000400                        _Min_Stack_Size = 0x400

.isr_vector     0x08000000      0x10c
                0x08000000                        . = ALIGN (0x4)
 *(.isr_vector)
 .isr_vector    0x08000000      0x10c ./Core/Startup/startup_stm32f103c8tx.o
                0x08000000                g_pfnVectors
                0x0800010c                        . = ALIGN (0x4)

.text           0x0800010c     0x8c2c
                0x0800010c                        . = ALIGN (0x4)
 *(.text)
 .text          0x0800010c       0x40 C:/ST/STM32CubeIDE_1.13.2/STM32CubeIDE/plugins/com.st.stm32cube.ide.mcu.externaltools.gnu-tools-for-stm32.13.3.rel1.win32_1.0.0.202411081344/tools/bin/../lib/gcc/arm-none-eabi/13.3.1/thumb/v7-m/nofp/crtbegin.o
 .text          0x0800014c      0x378 C:/ST/STM32CubeIDE_1.13.2/STM32CubeIDE/plugins/com.st.stm32cube.ide.mcu.externaltools.gnu-tools-for-stm32.13.3.rel1.win32_1.0.0.202411081344/tools/bin/../lib/gcc/arm-none-eabi/13.3.1/thumb/v7-m/nofp\libgcc.a(_arm_addsubdf3.o)
                0x0800014c                __aeabi_drsub
                0x08000154                __aeabi_dsub
                0x08000154                __subdf3
                0x08000158                __aeabi_dadd
                0x08000158                __adddf3
                0x080003d0                __floatunsidf
                0x080003d0                __aeabi_ui2d
                0x080003f0                __floatsidf
                0x080003f0                __aeabi_i2d
                0x08000414                __aeabi_f2d
                0x08000414                __extendsfdf2
                0x08000458                __floatundidf
                0x08000458                __aeabi_ul2d
                0x08000468                __floatdidf
                0x08000468                __aeabi_l2d
 .text          0x080004c4      0x424 C:/ST/STM32CubeIDE_1.13.2/STM32CubeIDE/plugins/com.st.stm32cube.ide.mcu.externaltools.gnu-tools-for-stm32.13.3.rel1.win32_1.0.0.202411081344/tools/bin/../lib/gcc/arm-none-eabi/13.3.1/thumb/v7-m/nofp\libgcc.a(_arm_muldivdf3.o)
                0x080004c4                __aeabi_dmul
                0x080004c4                __muldf3
                0x08000718                __divdf3
                0x08000718                __aeabi_ddiv
 .text          0x080008e8       0x50 C:/ST/STM32CubeIDE_1.13.2/STM32CubeIDE/plugins/com.st.stm32cube.ide.mcu.externaltools.gnu-tools-for-stm32.13.3.rel1.win32_1.0.0.202411081344/tools/bin/../lib/gcc/arm-none-eabi/13.3.1/thumb/v7-m/nofp\libgcc.a(_arm_fixdfsi.o)
                0x080008e8                __aeabi_d2iz
                0x080008e8                __fixdfsi
 .text          0x08000938       0xa0 C:/ST/STM32CubeIDE_1.13.2/STM32CubeIDE/plugins/com.st.stm32cube.ide.mcu.externaltools.gnu-tools-for-stm32.13.3.rel1.win32_1.0.0.202411081344/tools/bin/../lib/gcc/arm-none-eabi/13.3.1/thumb/v7-m/nofp\libgcc.a(_arm_truncdfsf2.o)
                0x08000938                __truncdfsf2
                0x08000938                __aeabi_d2f
 .text          0x080009d8      0x21c C:/ST/STM32CubeIDE_1.13.2/STM32CubeIDE/plugins/com.st.stm32cube.ide.mcu.externaltools.gnu-tools-for-stm32.13.3.rel1.win32_1.0.0.202411081344/tools/bin/../lib/gcc/arm-none-eabi/13.3.1/thumb/v7-m/nofp\libgcc.a(_arm_addsubsf3.o)
                0x080009d8                __aeabi_frsub
                0x080009e0                __subsf3
                0x080009e0                __aeabi_fsub
                0x080009e4                __aeabi_fadd
                0x080009e4                __addsf3
                0x08000b44                __aeabi_ui2f
                0x08000b44                __floatunsisf
                0x08000b4c                __aeabi_i2f
                0x08000b4c                __floatsisf
                0x08000b68                __aeabi_ul2f
                0x08000b68                __floatundisf
                0x08000b78                __aeabi_l2f
                0x08000b78                __floatdisf
 .text          0x08000bf4      0x2a0 C:/ST/STM32CubeIDE_1.13.2/STM32CubeIDE/plugins/com.st.stm32cube.ide.mcu.externaltools.gnu-tools-for-stm32.13.3.rel1.win32_1.0.0.202411081344/tools/bin/../lib/gcc/arm-none-eabi/13.3.1/thumb/v7-m/nofp\libgcc.a(_arm_muldivsf3.o)
                0x08000bf4                __mulsf3
                0x08000bf4                __aeabi_fmul
                0x08000d5c                __aeabi_fdiv
                0x08000d5c                __divsf3
 .text          0x08000e94       0xec C:/ST/STM32CubeIDE_1.13.2/STM32CubeIDE/plugins/com.st.stm32cube.ide.mcu.externaltools.gnu-tools-for-stm32.13.3.rel1.win32_1.0.0.202411081344/tools/bin/../lib/gcc/arm-none-eabi/13.3.1/thumb/v7-m/nofp\libgcc.a(_arm_cmpsf2.o)
                0x08000e94                __gesf2
                0x08000e94                __gtsf2
                0x08000e9c                __lesf2
                0x08000e9c                __ltsf2
                0x08000ea4                __nesf2
                0x08000ea4                __eqsf2
                0x08000ea4                __cmpsf2
                0x08000f04                __aeabi_cfrcmple
                0x08000f0c                __aeabi_cfcmpeq
                0x08000f0c                __aeabi_cfcmple
                0x08000f1c                __aeabi_fcmpeq
                0x08000f30                __aeabi_fcmplt
                0x08000f44                __aeabi_fcmple
                0x08000f58                __aeabi_fcmpge
                0x08000f6c                __aeabi_fcmpgt
 .text          0x08000f80       0x40 C:/ST/STM32CubeIDE_1.13.2/STM32CubeIDE/plugins/com.st.stm32cube.ide.mcu.externaltools.gnu-tools-for-stm32.13.3.rel1.win32_1.0.0.202411081344/tools/bin/../lib/gcc/arm-none-eabi/13.3.1/thumb/v7-m/nofp\libgcc.a(_arm_fixunssfsi.o)
                0x08000f80                __fixunssfsi
                0x08000f80                __aeabi_f2uiz
 *(.text*)
 .text.main     0x08000fc0      0x130 ./Core/Src/main.o
                0x08000fc0                main
 .text.SystemClock_Config
                0x080010f0       0xac ./Core/Src/main.o
                0x080010f0                SystemClock_Config
 .text.MX_ADC1_Init
                0x0800119c       0x7c ./Core/Src/main.o
 .text.MX_ADC2_Init
                0x08001218       0x7c ./Core/Src/main.o
 .text.MX_TIM2_Init
                0x08001294      0x100 ./Core/Src/main.o
 .text.MX_TIM3_Init
                0x08001394       0xa8 ./Core/Src/main.o
 .text.MX_TIM4_Init
                0x0800143c       0xa8 ./Core/Src/main.o
 .text.MX_USART1_UART_Init
                0x080014e4       0x54 ./Core/Src/main.o
 .text.MX_GPIO_Init
                0x08001538      0x170 ./Core/Src/main.o
 .text.HAL_GPIO_EXTI_Callback
                0x080016a8       0x38 ./Core/Src/main.o
                0x080016a8                HAL_GPIO_EXTI_Callback
 .text.HAL_UART_RxCpltCallback
                0x080016e0       0x16 ./Core/Src/main.o
                0x080016e0                HAL_UART_RxCpltCallback
 .text.Error_Handler
                0x080016f6        0xc ./Core/Src/main.o
                0x080016f6                Error_Handler
 *fill*         0x08001702        0x2 
 .text.Parse_Receive_Data
                0x08001704       0xb0 ./Core/Src/mm_commands.o
                0x08001704                Parse_Receive_Data
 .text.Create_Byte_Stream
                0x080017b4       0xb0 ./Core/Src/mm_commands.o
                0x080017b4                Create_Byte_Stream
 .text.Debug_Packet_Send
                0x08001864       0x20 ./Core/Src/mm_commands.o
                0x08001864                Debug_Packet_Send
 .text.UART_Receive_Callback
                0x08001884       0x48 ./Core/Src/mm_commands.o
                0x08001884                UART_Receive_Callback
 .text.HAL_TIM_IC_CaptureCallback
                0x080018cc       0x7c ./Core/Src/mm_encoders.o
                0x080018cc                HAL_TIM_IC_CaptureCallback
 .text.Calculate_RPM
                0x08001948       0xa0 ./Core/Src/mm_encoders.o
                0x08001948                Calculate_RPM
 .text.Update_Encoders
                0x080019e8       0xe0 ./Core/Src/mm_encoders.o
                0x080019e8                Update_Encoders
 .text.Off_Maze
                0x08001ac8       0x32 ./Core/Src/mm_floodfill.o
                0x08001ac8                Off_Maze
 .text.Get_Neighbor_Cells
                0x08001afa      0x2a8 ./Core/Src/mm_floodfill.o
                0x08001afa                Get_Neighbor_Cells
 *fill*         0x08001da2        0x2 
 .text.Scan_Walls
                0x08001da4      0x560 ./Core/Src/mm_floodfill.o
                0x08001da4                Scan_Walls
 .text.Update_Mouse_Pos
                0x08002304       0xcc ./Core/Src/mm_floodfill.o
                0x08002304                Update_Mouse_Pos
 .text.Set_Goal_Cell
                0x080023d0       0x84 ./Core/Src/mm_floodfill.o
                0x080023d0                Set_Goal_Cell
 .text.Floodfill
                0x08002454      0x348 ./Core/Src/mm_floodfill.o
                0x08002454                Floodfill
 .text.Best_Cell
                0x0800279c      0x22c ./Core/Src/mm_floodfill.o
                0x0800279c                Best_Cell
 .text.Maze_Init
                0x080029c8       0x72 ./Core/Src/mm_floodfill.o
                0x080029c8                Maze_Init
 *fill*         0x08002a3a        0x2 
 .text.Search_Mode
                0x08002a3c      0x500 ./Core/Src/mm_floodfill.o
                0x08002a3c                Search_Mode
 .text.Race_Mode
                0x08002f3c      0x6ac ./Core/Src/mm_floodfill.o
                0x08002f3c                Race_Mode
 .text.Set_Motor_Volts
                0x080035e8       0xd4 ./Core/Src/mm_motors.o
                0x080035e8                Set_Motor_Volts
 .text.Set_PWM  0x080036bc       0x48 ./Core/Src/mm_motors.o
                0x080036bc                Set_PWM
 .text.Set_Direction
                0x08003704       0xfc ./Core/Src/mm_motors.o
                0x08003704                Set_Direction
 .text.Complete_Stop
                0x08003800       0x34 ./Core/Src/mm_motors.o
                0x08003800                Complete_Stop
 .text.Position_Controller
                0x08003834       0xa0 ./Core/Src/mm_motors.o
                0x08003834                Position_Controller
 .text.Rotational_Controller
                0x080038d4       0xb4 ./Core/Src/mm_motors.o
                0x080038d4                Rotational_Controller
 .text.Update_Motors
                0x08003988       0x84 ./Core/Src/mm_motors.o
                0x08003988                Update_Motors
 .text.Clear_Profile
                0x08003a0c       0x2a ./Core/Src/mm_profiles.o
                0x08003a0c                Clear_Profile
 *fill*         0x08003a36        0x2 
 .text.Start_Profile
                0x08003a38      0x124 ./Core/Src/mm_profiles.o
                0x08003a38                Start_Profile
 .text.Profile_Container
                0x08003b5c       0x6c ./Core/Src/mm_profiles.o
                0x08003b5c                Profile_Container
 .text.Turn_Container
                0x08003bc8       0xa0 ./Core/Src/mm_profiles.o
                0x08003bc8                Turn_Container
 .text.About_Face_Container
                0x08003c68       0xc4 ./Core/Src/mm_profiles.o
                0x08003c68                About_Face_Container
 .text.Parameter_Packer
                0x08003d2c       0x40 ./Core/Src/mm_profiles.o
                0x08003d2c                Parameter_Packer
 .text.Calculate_Braking_Distance
                0x08003d6c       0x74 ./Core/Src/mm_profiles.o
                0x08003d6c                Calculate_Braking_Distance
 .text.Update_Profile
                0x08003de0      0x1a4 ./Core/Src/mm_profiles.o
                0x08003de0                Update_Profile
 .text.LED_Power_Init
                0x08003f84       0x18 ./Core/Src/mm_supplemental.o
                0x08003f84                LED_Power_Init
 .text.Pulse_Buzzer
                0x08003f9c       0x2c ./Core/Src/mm_supplemental.o
                0x08003f9c                Pulse_Buzzer
 .text.LED_Red_Toggle
                0x08003fc8       0x18 ./Core/Src/mm_supplemental.o
                0x08003fc8                LED_Red_Toggle
 .text.LED_Blue_Set
                0x08003fe0       0x18 ./Core/Src/mm_supplemental.o
                0x08003fe0                LED_Blue_Set
 .text.Calculate_Battery_Bias
                0x08003ff8       0x44 ./Core/Src/mm_supplemental.o
                0x08003ff8                Calculate_Battery_Bias
 .text.Read_Battery
                0x0800403c       0x68 ./Core/Src/mm_supplemental.o
                0x0800403c                Read_Battery
 .text.Save_Maze_To_Flash
                0x080040a4       0x94 ./Core/Src/mm_supplemental.o
                0x080040a4                Save_Maze_To_Flash
 .text.Load_Maze_From_Flash
                0x08004138       0x24 ./Core/Src/mm_supplemental.o
                0x08004138                Load_Maze_From_Flash
 .text.ARM_Button
                0x0800415c       0x38 ./Core/Src/mm_supplemental.o
                0x0800415c                ARM_Button
 .text.RACE_Button
                0x08004194       0x2c ./Core/Src/mm_supplemental.o
                0x08004194                RACE_Button
 .text.LOADMAZE_Button
                0x080041c0       0x34 ./Core/Src/mm_supplemental.o
                0x080041c0                LOADMAZE_Button
 .text.Systick  0x080041f4       0xdc ./Core/Src/mm_systick.o
                0x080041f4                Systick
 .text.Debug_Mode
                0x080042d0       0x7c ./Core/Src/mm_systick.o
                0x080042d0                Debug_Mode
 .text.Buzzer_Check
                0x0800434c       0x38 ./Core/Src/mm_systick.o
                0x0800434c                Buzzer_Check
 .text.ADC1_Select_CH9
                0x08004384       0x3c ./Core/Src/mm_vision.o
 .text.ADC1_Select_CH8
                0x080043c0       0x3c ./Core/Src/mm_vision.o
 .text.ADC1_Select_CH5
                0x080043fc       0x3c ./Core/Src/mm_vision.o
 .text.ADC1_Select_CH4
                0x08004438       0x3c ./Core/Src/mm_vision.o
 .text.Measure_Dist
                0x08004474       0xb4 ./Core/Src/mm_vision.o
                0x08004474                Measure_Dist
 .text.Calibrate_Readings
                0x08004528      0x110 ./Core/Src/mm_vision.o
                0x08004528                Calibrate_Readings
 .text.Poll_Sensors
                0x08004638       0xb6 ./Core/Src/mm_vision.o
                0x08004638                Poll_Sensors
 *fill*         0x080046ee        0x2 
 .text.Wall_Front
                0x080046f0       0x68 ./Core/Src/mm_vision.o
                0x080046f0                Wall_Front
 .text.Wall_Left
                0x08004758       0x50 ./Core/Src/mm_vision.o
                0x08004758                Wall_Left
 .text.Wall_Right
                0x080047a8       0x50 ./Core/Src/mm_vision.o
                0x080047a8                Wall_Right
 .text.Calculate_Steering_Adjustment
                0x080047f8       0xcc ./Core/Src/mm_vision.o
                0x080047f8                Calculate_Steering_Adjustment
 .text.Calculate_Error
                0x080048c4       0xa0 ./Core/Src/mm_vision.o
                0x080048c4                Calculate_Error
 .text.HAL_MspInit
                0x08004964       0x64 ./Core/Src/stm32f1xx_hal_msp.o
                0x08004964                HAL_MspInit
 .text.HAL_ADC_MspInit
                0x080049c8       0xfc ./Core/Src/stm32f1xx_hal_msp.o
                0x080049c8                HAL_ADC_MspInit
 .text.HAL_TIM_Base_MspInit
                0x08004ac4       0x38 ./Core/Src/stm32f1xx_hal_msp.o
                0x08004ac4                HAL_TIM_Base_MspInit
 .text.HAL_TIM_Encoder_MspInit
                0x08004afc       0xf8 ./Core/Src/stm32f1xx_hal_msp.o
                0x08004afc                HAL_TIM_Encoder_MspInit
 .text.HAL_TIM_MspPostInit
                0x08004bf4       0x60 ./Core/Src/stm32f1xx_hal_msp.o
                0x08004bf4                HAL_TIM_MspPostInit
 .text.HAL_UART_MspInit
                0x08004c54       0xa8 ./Core/Src/stm32f1xx_hal_msp.o
                0x08004c54                HAL_UART_MspInit
 .text.NMI_Handler
                0x08004cfc        0x8 ./Core/Src/stm32f1xx_it.o
                0x08004cfc                NMI_Handler
 .text.HardFault_Handler
                0x08004d04        0x8 ./Core/Src/stm32f1xx_it.o
                0x08004d04                HardFault_Handler
 .text.MemManage_Handler
                0x08004d0c        0x8 ./Core/Src/stm32f1xx_it.o
                0x08004d0c                MemManage_Handler
 .text.BusFault_Handler
                0x08004d14        0x8 ./Core/Src/stm32f1xx_it.o
                0x08004d14                BusFault_Handler
 .text.UsageFault_Handler
                0x08004d1c        0x8 ./Core/Src/stm32f1xx_it.o
                0x08004d1c                UsageFault_Handler
 .text.SVC_Handler
                0x08004d24        0xc ./Core/Src/stm32f1xx_it.o
                0x08004d24                SVC_Handler
 .text.DebugMon_Handler
                0x08004d30        0xc ./Core/Src/stm32f1xx_it.o
                0x08004d30                DebugMon_Handler
 .text.PendSV_Handler
                0x08004d3c        0xc ./Core/Src/stm32f1xx_it.o
                0x08004d3c                PendSV_Handler
 .text.SysTick_Handler
                0x08004d48       0x10 ./Core/Src/stm32f1xx_it.o
                0x08004d48                SysTick_Handler
 .text.EXTI4_IRQHandler
                0x08004d58        0xe ./Core/Src/stm32f1xx_it.o
                0x08004d58                EXTI4_IRQHandler
 *fill*         0x08004d66        0x2 
 .text.TIM3_IRQHandler
                0x08004d68       0x14 ./Core/Src/stm32f1xx_it.o
                0x08004d68                TIM3_IRQHandler
 .text.TIM4_IRQHandler
                0x08004d7c       0x14 ./Core/Src/stm32f1xx_it.o
                0x08004d7c                TIM4_IRQHandler
 .text.USART1_IRQHandler
                0x08004d90       0x14 ./Core/Src/stm32f1xx_it.o
                0x08004d90                USART1_IRQHandler
 .text.EXTI15_10_IRQHandler
                0x08004da4       0x10 ./Core/Src/stm32f1xx_it.o
                0x08004da4                EXTI15_10_IRQHandler
 .text._sbrk    0x08004db4       0x6c ./Core/Src/sysmem.o
                0x08004db4                _sbrk
 .text.SystemInit
                0x08004e20        0xc ./Core/Src/system_stm32f1xx.o
                0x08004e20                SystemInit
 .text.Reset_Handler
                0x08004e2c       0x48 ./Core/Startup/startup_stm32f103c8tx.o
                0x08004e2c                Reset_Handler
 .text.Default_Handler
                0x08004e74        0x2 ./Core/Startup/startup_stm32f103c8tx.o
                0x08004e74                RTC_Alarm_IRQHandler
                0x08004e74                EXTI2_IRQHandler
                0x08004e74                TIM1_CC_IRQHandler
                0x08004e74                PVD_IRQHandler
                0x08004e74                EXTI3_IRQHandler
                0x08004e74                EXTI0_IRQHandler
                0x08004e74                I2C2_EV_IRQHandler
                0x08004e74                ADC1_2_IRQHandler
                0x08004e74                SPI1_IRQHandler
                0x08004e74                TAMPER_IRQHandler
                0x08004e74                DMA1_Channel4_IRQHandler
                0x08004e74                USART3_IRQHandler
                0x08004e74                RTC_IRQHandler
                0x08004e74                DMA1_Channel7_IRQHandler
                0x08004e74                CAN1_RX1_IRQHandler
                0x08004e74                I2C1_EV_IRQHandler
                0x08004e74                DMA1_Channel6_IRQHandler
                0x08004e74                RCC_IRQHandler
                0x08004e74                TIM1_TRG_COM_IRQHandler
                0x08004e74                DMA1_Channel1_IRQHandler
                0x08004e74                Default_Handler
                0x08004e74                EXTI9_5_IRQHandler
                0x08004e74                SPI2_IRQHandler
                0x08004e74                DMA1_Channel5_IRQHandler
                0x08004e74                USB_LP_CAN1_RX0_IRQHandler
                0x08004e74                USB_HP_CAN1_TX_IRQHandler
                0x08004e74                DMA1_Channel3_IRQHandler
                0x08004e74                TIM1_UP_IRQHandler
                0x08004e74                WWDG_IRQHandler
                0x08004e74                TIM2_IRQHandler
                0x08004e74                TIM1_BRK_IRQHandler
                0x08004e74                EXTI1_IRQHandler
                0x08004e74                USART2_IRQHandler
                0x08004e74                I2C2_ER_IRQHandler
                0x08004e74                DMA1_Channel2_IRQHandler
                0x08004e74                CAN1_SCE_IRQHandler
                0x08004e74                FLASH_IRQHandler
                0x08004e74                I2C1_ER_IRQHandler
                0x08004e74                USBWakeUp_IRQHandler
 *fill*         0x08004e76        0x2 
 .text.HAL_Init
                0x08004e78       0x2c ./Drivers/STM32F1xx_HAL_Driver/Src/stm32f1xx_hal.o
                0x08004e78                HAL_Init
 .text.HAL_InitTick
                0x08004ea4       0x60 ./Drivers/STM32F1xx_HAL_Driver/Src/stm32f1xx_hal.o
                0x08004ea4                HAL_InitTick
 .text.HAL_IncTick
                0x08004f04       0x24 ./Drivers/STM32F1xx_HAL_Driver/Src/stm32f1xx_hal.o
                0x08004f04                HAL_IncTick
 .text.HAL_GetTick
                0x08004f28       0x14 ./Drivers/STM32F1xx_HAL_Driver/Src/stm32f1xx_hal.o
                0x08004f28                HAL_GetTick
 .text.HAL_Delay
                0x08004f3c       0x48 ./Drivers/STM32F1xx_HAL_Driver/Src/stm32f1xx_hal.o
                0x08004f3c                HAL_Delay
 .text.HAL_ADC_Init
                0x08004f84      0x1b0 ./Drivers/STM32F1xx_HAL_Driver/Src/stm32f1xx_hal_adc.o
                0x08004f84                HAL_ADC_Init
 .text.HAL_ADC_Start
                0x08005134      0x15c ./Drivers/STM32F1xx_HAL_Driver/Src/stm32f1xx_hal_adc.o
                0x08005134                HAL_ADC_Start
 .text.HAL_ADC_Stop
                0x08005290       0x58 ./Drivers/STM32F1xx_HAL_Driver/Src/stm32f1xx_hal_adc.o
                0x08005290                HAL_ADC_Stop
 .text.HAL_ADC_PollForConversion
                0x080052e8      0x20c ./Drivers/STM32F1xx_HAL_Driver/Src/stm32f1xx_hal_adc.o
                0x080052e8                HAL_ADC_PollForConversion
 .text.HAL_ADC_GetValue
                0x080054f4       0x18 ./Drivers/STM32F1xx_HAL_Driver/Src/stm32f1xx_hal_adc.o
                0x080054f4                HAL_ADC_GetValue
 .text.HAL_ADC_ConfigChannel
                0x0800550c      0x1f0 ./Drivers/STM32F1xx_HAL_Driver/Src/stm32f1xx_hal_adc.o
                0x0800550c                HAL_ADC_ConfigChannel
 .text.ADC_Enable
                0x080056fc       0xb4 ./Drivers/STM32F1xx_HAL_Driver/Src/stm32f1xx_hal_adc.o
                0x080056fc                ADC_Enable
 .text.ADC_ConversionStop_Disable
                0x080057b0       0x82 ./Drivers/STM32F1xx_HAL_Driver/Src/stm32f1xx_hal_adc.o
                0x080057b0                ADC_ConversionStop_Disable
 *fill*         0x08005832        0x2 
 .text.__NVIC_SetPriorityGrouping
                0x08005834       0x48 ./Drivers/STM32F1xx_HAL_Driver/Src/stm32f1xx_hal_cortex.o
 .text.__NVIC_GetPriorityGrouping
                0x0800587c       0x1c ./Drivers/STM32F1xx_HAL_Driver/Src/stm32f1xx_hal_cortex.o
 .text.__NVIC_EnableIRQ
                0x08005898       0x38 ./Drivers/STM32F1xx_HAL_Driver/Src/stm32f1xx_hal_cortex.o
 .text.__NVIC_SetPriority
                0x080058d0       0x54 ./Drivers/STM32F1xx_HAL_Driver/Src/stm32f1xx_hal_cortex.o
 .text.NVIC_EncodePriority
                0x08005924       0x64 ./Drivers/STM32F1xx_HAL_Driver/Src/stm32f1xx_hal_cortex.o
 .text.SysTick_Config
                0x08005988       0x44 ./Drivers/STM32F1xx_HAL_Driver/Src/stm32f1xx_hal_cortex.o
 .text.HAL_NVIC_SetPriorityGrouping
                0x080059cc       0x16 ./Drivers/STM32F1xx_HAL_Driver/Src/stm32f1xx_hal_cortex.o
                0x080059cc                HAL_NVIC_SetPriorityGrouping
 .text.HAL_NVIC_SetPriority
                0x080059e2       0x38 ./Drivers/STM32F1xx_HAL_Driver/Src/stm32f1xx_hal_cortex.o
                0x080059e2                HAL_NVIC_SetPriority
 .text.HAL_NVIC_EnableIRQ
                0x08005a1a       0x1c ./Drivers/STM32F1xx_HAL_Driver/Src/stm32f1xx_hal_cortex.o
                0x08005a1a                HAL_NVIC_EnableIRQ
 .text.HAL_SYSTICK_Config
                0x08005a36       0x18 ./Drivers/STM32F1xx_HAL_Driver/Src/stm32f1xx_hal_cortex.o
                0x08005a36                HAL_SYSTICK_Config
 .text.HAL_DMA_Abort
                0x08005a4e       0x76 ./Drivers/STM32F1xx_HAL_Driver/Src/stm32f1xx_hal_dma.o
                0x08005a4e                HAL_DMA_Abort
 .text.HAL_DMA_Abort_IT
                0x08005ac4       0xf0 ./Drivers/STM32F1xx_HAL_Driver/Src/stm32f1xx_hal_dma.o
                0x08005ac4                HAL_DMA_Abort_IT
 .text.HAL_FLASH_Program
                0x08005bb4       0xe0 ./Drivers/STM32F1xx_HAL_Driver/Src/stm32f1xx_hal_flash.o
                0x08005bb4                HAL_FLASH_Program
 .text.HAL_FLASH_Unlock
                0x08005c94       0x4c ./Drivers/STM32F1xx_HAL_Driver/Src/stm32f1xx_hal_flash.o
                0x08005c94                HAL_FLASH_Unlock
 .text.HAL_FLASH_Lock
                0x08005ce0       0x20 ./Drivers/STM32F1xx_HAL_Driver/Src/stm32f1xx_hal_flash.o
                0x08005ce0                HAL_FLASH_Lock
 .text.FLASH_Program_HalfWord
                0x08005d00       0x38 ./Drivers/STM32F1xx_HAL_Driver/Src/stm32f1xx_hal_flash.o
 .text.FLASH_WaitForLastOperation
                0x08005d38       0x8c ./Drivers/STM32F1xx_HAL_Driver/Src/stm32f1xx_hal_flash.o
                0x08005d38                FLASH_WaitForLastOperation
 .text.FLASH_SetErrorCode
                0x08005dc4       0xa0 ./Drivers/STM32F1xx_HAL_Driver/Src/stm32f1xx_hal_flash.o
 .text.HAL_FLASHEx_Erase
                0x08005e64       0xd8 ./Drivers/STM32F1xx_HAL_Driver/Src/stm32f1xx_hal_flash_ex.o
                0x08005e64                HAL_FLASHEx_Erase
 .text.FLASH_MassErase
                0x08005f3c       0x38 ./Drivers/STM32F1xx_HAL_Driver/Src/stm32f1xx_hal_flash_ex.o
 .text.FLASH_PageErase
                0x08005f74       0x40 ./Drivers/STM32F1xx_HAL_Driver/Src/stm32f1xx_hal_flash_ex.o
                0x08005f74                FLASH_PageErase
 .text.HAL_GPIO_Init
                0x08005fb4      0x308 ./Drivers/STM32F1xx_HAL_Driver/Src/stm32f1xx_hal_gpio.o
                0x08005fb4                HAL_GPIO_Init
 .text.HAL_GPIO_WritePin
                0x080062bc       0x30 ./Drivers/STM32F1xx_HAL_Driver/Src/stm32f1xx_hal_gpio.o
                0x080062bc                HAL_GPIO_WritePin
 .text.HAL_GPIO_TogglePin
                0x080062ec       0x32 ./Drivers/STM32F1xx_HAL_Driver/Src/stm32f1xx_hal_gpio.o
                0x080062ec                HAL_GPIO_TogglePin
 *fill*         0x0800631e        0x2 
 .text.HAL_GPIO_EXTI_IRQHandler
                0x08006320       0x30 ./Drivers/STM32F1xx_HAL_Driver/Src/stm32f1xx_hal_gpio.o
                0x08006320                HAL_GPIO_EXTI_IRQHandler
 .text.HAL_RCC_OscConfig
                0x08006350      0x504 ./Drivers/STM32F1xx_HAL_Driver/Src/stm32f1xx_hal_rcc.o
                0x08006350                HAL_RCC_OscConfig
 .text.HAL_RCC_ClockConfig
                0x08006854      0x1d4 ./Drivers/STM32F1xx_HAL_Driver/Src/stm32f1xx_hal_rcc.o
                0x08006854                HAL_RCC_ClockConfig
 .text.HAL_RCC_GetSysClockFreq
                0x08006a28       0xa8 ./Drivers/STM32F1xx_HAL_Driver/Src/stm32f1xx_hal_rcc.o
                0x08006a28                HAL_RCC_GetSysClockFreq
 .text.HAL_RCC_GetHCLKFreq
                0x08006ad0       0x14 ./Drivers/STM32F1xx_HAL_Driver/Src/stm32f1xx_hal_rcc.o
                0x08006ad0                HAL_RCC_GetHCLKFreq
 .text.HAL_RCC_GetPCLK1Freq
                0x08006ae4       0x28 ./Drivers/STM32F1xx_HAL_Driver/Src/stm32f1xx_hal_rcc.o
                0x08006ae4                HAL_RCC_GetPCLK1Freq
 .text.HAL_RCC_GetPCLK2Freq
                0x08006b0c       0x28 ./Drivers/STM32F1xx_HAL_Driver/Src/stm32f1xx_hal_rcc.o
                0x08006b0c                HAL_RCC_GetPCLK2Freq
 .text.RCC_Delay
                0x08006b34       0x3c ./Drivers/STM32F1xx_HAL_Driver/Src/stm32f1xx_hal_rcc.o
 .text.HAL_RCCEx_PeriphCLKConfig
                0x08006b70      0x16c ./Drivers/STM32F1xx_HAL_Driver/Src/stm32f1xx_hal_rcc_ex.o
                0x08006b70                HAL_RCCEx_PeriphCLKConfig
 .text.HAL_RCCEx_GetPeriphCLKFreq
                0x08006cdc      0x16c ./Drivers/STM32F1xx_HAL_Driver/Src/stm32f1xx_hal_rcc_ex.o
                0x08006cdc                HAL_RCCEx_GetPeriphCLKFreq
 .text.HAL_TIM_Base_Init
                0x08006e48       0x9e ./Drivers/STM32F1xx_HAL_Driver/Src/stm32f1xx_hal_tim.o
                0x08006e48                HAL_TIM_Base_Init
 .text.HAL_TIM_PWM_Init
                0x08006ee6       0x9e ./Drivers/STM32F1xx_HAL_Driver/Src/stm32f1xx_hal_tim.o
                0x08006ee6                HAL_TIM_PWM_Init
 .text.HAL_TIM_PWM_MspInit
                0x08006f84       0x12 ./Drivers/STM32F1xx_HAL_Driver/Src/stm32f1xx_hal_tim.o
                0x08006f84                HAL_TIM_PWM_MspInit
 *fill*         0x08006f96        0x2 
 .text.HAL_TIM_PWM_Start
                0x08006f98      0x144 ./Drivers/STM32F1xx_HAL_Driver/Src/stm32f1xx_hal_tim.o
                0x08006f98                HAL_TIM_PWM_Start
 .text.HAL_TIM_Encoder_Init
                0x080070dc      0x144 ./Drivers/STM32F1xx_HAL_Driver/Src/stm32f1xx_hal_tim.o
                0x080070dc                HAL_TIM_Encoder_Init
 .text.HAL_TIM_Encoder_Start_IT
                0x08007220      0x15c ./Drivers/STM32F1xx_HAL_Driver/Src/stm32f1xx_hal_tim.o
                0x08007220                HAL_TIM_Encoder_Start_IT
 .text.HAL_TIM_IRQHandler
                0x0800737c      0x1e0 ./Drivers/STM32F1xx_HAL_Driver/Src/stm32f1xx_hal_tim.o
                0x0800737c                HAL_TIM_IRQHandler
 .text.HAL_TIM_PWM_ConfigChannel
                0x0800755c      0x184 ./Drivers/STM32F1xx_HAL_Driver/Src/stm32f1xx_hal_tim.o
                0x0800755c                HAL_TIM_PWM_ConfigChannel
 .text.HAL_TIM_ConfigClockSource
                0x080076e0      0x18e ./Drivers/STM32F1xx_HAL_Driver/Src/stm32f1xx_hal_tim.o
                0x080076e0                HAL_TIM_ConfigClockSource
 .text.HAL_TIM_PeriodElapsedCallback
                0x0800786e       0x12 ./Drivers/STM32F1xx_HAL_Driver/Src/stm32f1xx_hal_tim.o
                0x0800786e                HAL_TIM_PeriodElapsedCallback
 .text.HAL_TIM_OC_DelayElapsedCallback
                0x08007880       0x12 ./Drivers/STM32F1xx_HAL_Driver/Src/stm32f1xx_hal_tim.o
                0x08007880                HAL_TIM_OC_DelayElapsedCallback
 .text.HAL_TIM_PWM_PulseFinishedCallback
                0x08007892       0x12 ./Drivers/STM32F1xx_HAL_Driver/Src/stm32f1xx_hal_tim.o
                0x08007892                HAL_TIM_PWM_PulseFinishedCallback
 .text.HAL_TIM_TriggerCallback
                0x080078a4       0x12 ./Drivers/STM32F1xx_HAL_Driver/Src/stm32f1xx_hal_tim.o
                0x080078a4                HAL_TIM_TriggerCallback
 *fill*         0x080078b6        0x2 
 .text.TIM_Base_SetConfig
                0x080078b8       0xdc ./Drivers/STM32F1xx_HAL_Driver/Src/stm32f1xx_hal_tim.o
                0x080078b8                TIM_Base_SetConfig
 .text.TIM_OC1_SetConfig
                0x08007994       0xcc ./Drivers/STM32F1xx_HAL_Driver/Src/stm32f1xx_hal_tim.o
 .text.TIM_OC2_SetConfig
                0x08007a60       0xd4 ./Drivers/STM32F1xx_HAL_Driver/Src/stm32f1xx_hal_tim.o
                0x08007a60                TIM_OC2_SetConfig
 .text.TIM_OC3_SetConfig
                0x08007b34       0xd4 ./Drivers/STM32F1xx_HAL_Driver/Src/stm32f1xx_hal_tim.o
 .text.TIM_OC4_SetConfig
                0x08007c08       0x9c ./Drivers/STM32F1xx_HAL_Driver/Src/stm32f1xx_hal_tim.o
 .text.TIM_TI1_ConfigInputStage
                0x08007ca4       0x5c ./Drivers/STM32F1xx_HAL_Driver/Src/stm32f1xx_hal_tim.o
 .text.TIM_TI2_ConfigInputStage
                0x08007d00       0x5e ./Drivers/STM32F1xx_HAL_Driver/Src/stm32f1xx_hal_tim.o
 .text.TIM_ITRx_SetConfig
                0x08007d5e       0x34 ./Drivers/STM32F1xx_HAL_Driver/Src/stm32f1xx_hal_tim.o
 .text.TIM_ETR_SetConfig
                0x08007d92       0x3e ./Drivers/STM32F1xx_HAL_Driver/Src/stm32f1xx_hal_tim.o
                0x08007d92                TIM_ETR_SetConfig
 .text.TIM_CCxChannelCmd
                0x08007dd0       0x48 ./Drivers/STM32F1xx_HAL_Driver/Src/stm32f1xx_hal_tim.o
                0x08007dd0                TIM_CCxChannelCmd
 .text.HAL_TIMEx_MasterConfigSynchronization
                0x08007e18       0xbc ./Drivers/STM32F1xx_HAL_Driver/Src/stm32f1xx_hal_tim_ex.o
                0x08007e18                HAL_TIMEx_MasterConfigSynchronization
 .text.HAL_TIMEx_CommutCallback
                0x08007ed4       0x12 ./Drivers/STM32F1xx_HAL_Driver/Src/stm32f1xx_hal_tim_ex.o
                0x08007ed4                HAL_TIMEx_CommutCallback
 .text.HAL_TIMEx_BreakCallback
                0x08007ee6       0x12 ./Drivers/STM32F1xx_HAL_Driver/Src/stm32f1xx_hal_tim_ex.o
                0x08007ee6                HAL_TIMEx_BreakCallback
 .text.HAL_UART_Init
                0x08007ef8       0xa0 ./Drivers/STM32F1xx_HAL_Driver/Src/stm32f1xx_hal_uart.o
                0x08007ef8                HAL_UART_Init
 .text.HAL_UART_Transmit_IT
                0x08007f98       0x6a ./Drivers/STM32F1xx_HAL_Driver/Src/stm32f1xx_hal_uart.o
                0x08007f98                HAL_UART_Transmit_IT
 .text.HAL_UART_Receive_IT
                0x08008002       0x4a ./Drivers/STM32F1xx_HAL_Driver/Src/stm32f1xx_hal_uart.o
                0x08008002                HAL_UART_Receive_IT
 .text.HAL_UART_IRQHandler
                0x0800804c      0x524 ./Drivers/STM32F1xx_HAL_Driver/Src/stm32f1xx_hal_uart.o
                0x0800804c                HAL_UART_IRQHandler
 .text.HAL_UART_TxCpltCallback
                0x08008570       0x12 ./Drivers/STM32F1xx_HAL_Driver/Src/stm32f1xx_hal_uart.o
                0x08008570                HAL_UART_TxCpltCallback
 .text.HAL_UART_ErrorCallback
                0x08008582       0x12 ./Drivers/STM32F1xx_HAL_Driver/Src/stm32f1xx_hal_uart.o
                0x08008582                HAL_UART_ErrorCallback
 .text.HAL_UARTEx_RxEventCallback
                0x08008594       0x16 ./Drivers/STM32F1xx_HAL_Driver/Src/stm32f1xx_hal_uart.o
                0x08008594                HAL_UARTEx_RxEventCallback
 .text.UART_Start_Receive_IT
                0x080085aa       0x72 ./Drivers/STM32F1xx_HAL_Driver/Src/stm32f1xx_hal_uart.o
                0x080085aa                UART_Start_Receive_IT
 .text.UART_EndRxTransfer
                0x0800861c       0xc4 ./Drivers/STM32F1xx_HAL_Driver/Src/stm32f1xx_hal_uart.o
 .text.UART_DMAAbortOnError
                0x080086e0       0x28 ./Drivers/STM32F1xx_HAL_Driver/Src/stm32f1xx_hal_uart.o
 .text.UART_Transmit_IT
                0x08008708       0x9e ./Drivers/STM32F1xx_HAL_Driver/Src/stm32f1xx_hal_uart.o
 .text.UART_EndTransmit_IT
                0x080087a6       0x30 ./Drivers/STM32F1xx_HAL_Driver/Src/stm32f1xx_hal_uart.o
 .text.UART_Receive_IT
                0x080087d6      0x17c ./Drivers/STM32F1xx_HAL_Driver/Src/stm32f1xx_hal_uart.o
 *fill*         0x08008952        0x2 
 .text.UART_SetConfig
                0x08008954      0x11c ./Drivers/STM32F1xx_HAL_Driver/Src/stm32f1xx_hal_uart.o
 .text.malloc   0x08008a70       0x10 C:/ST/STM32CubeIDE_1.13.2/STM32CubeIDE/plugins/com.st.stm32cube.ide.mcu.externaltools.gnu-tools-for-stm32.13.3.rel1.win32_1.0.0.202411081344/tools/bin/../lib/gcc/arm-none-eabi/13.3.1/../../../../arm-none-eabi/lib/thumb/v7-m/nofp\libc_nano.a(libc_a-malloc.o)
                0x08008a70                malloc
 .text.free     0x08008a80       0x10 C:/ST/STM32CubeIDE_1.13.2/STM32CubeIDE/plugins/com.st.stm32cube.ide.mcu.externaltools.gnu-tools-for-stm32.13.3.rel1.win32_1.0.0.202411081344/tools/bin/../lib/gcc/arm-none-eabi/13.3.1/../../../../arm-none-eabi/lib/thumb/v7-m/nofp\libc_nano.a(libc_a-malloc.o)
                0x08008a80                free
 .text.sbrk_aligned
                0x08008a90       0x44 C:/ST/STM32CubeIDE_1.13.2/STM32CubeIDE/plugins/com.st.stm32cube.ide.mcu.externaltools.gnu-tools-for-stm32.13.3.rel1.win32_1.0.0.202411081344/tools/bin/../lib/gcc/arm-none-eabi/13.3.1/../../../../arm-none-eabi/lib/thumb/v7-m/nofp\libc_nano.a(libc_a-mallocr.o)
 .text._malloc_r
                0x08008ad4      0x100 C:/ST/STM32CubeIDE_1.13.2/STM32CubeIDE/plugins/com.st.stm32cube.ide.mcu.externaltools.gnu-tools-for-stm32.13.3.rel1.win32_1.0.0.202411081344/tools/bin/../lib/gcc/arm-none-eabi/13.3.1/../../../../arm-none-eabi/lib/thumb/v7-m/nofp\libc_nano.a(libc_a-mallocr.o)
                0x08008ad4                _malloc_r
 .text.__malloc_lock
                0x08008bd4        0xc C:/ST/STM32CubeIDE_1.13.2/STM32CubeIDE/plugins/com.st.stm32cube.ide.mcu.externaltools.gnu-tools-for-stm32.13.3.rel1.win32_1.0.0.202411081344/tools/bin/../lib/gcc/arm-none-eabi/13.3.1/../../../../arm-none-eabi/lib/thumb/v7-m/nofp\libc_nano.a(libc_a-mlock.o)
                0x08008bd4                __malloc_lock
 .text.__malloc_unlock
                0x08008be0        0xc C:/ST/STM32CubeIDE_1.13.2/STM32CubeIDE/plugins/com.st.stm32cube.ide.mcu.externaltools.gnu-tools-for-stm32.13.3.rel1.win32_1.0.0.202411081344/tools/bin/../lib/gcc/arm-none-eabi/13.3.1/../../../../arm-none-eabi/lib/thumb/v7-m/nofp\libc_nano.a(libc_a-mlock.o)
                0x08008be0                __malloc_unlock
 .text.memset   0x08008bec       0x10 C:/ST/STM32CubeIDE_1.13.2/STM32CubeIDE/plugins/com.st.stm32cube.ide.mcu.externaltools.gnu-tools-for-stm32.13.3.rel1.win32_1.0.0.202411081344/tools/bin/../lib/gcc/arm-none-eabi/13.3.1/../../../../arm-none-eabi/lib/thumb/v7-m/nofp\libc_nano.a(libc_a-memset.o)
                0x08008bec                memset
 .text._sbrk_r  0x08008bfc       0x20 C:/ST/STM32CubeIDE_1.13.2/STM32CubeIDE/plugins/com.st.stm32cube.ide.mcu.externaltools.gnu-tools-for-stm32.13.3.rel1.win32_1.0.0.202411081344/tools/bin/../lib/gcc/arm-none-eabi/13.3.1/../../../../arm-none-eabi/lib/thumb/v7-m/nofp\libc_nano.a(libc_a-sbrkr.o)
                0x08008bfc                _sbrk_r
 .text.__errno  0x08008c1c        0xc C:/ST/STM32CubeIDE_1.13.2/STM32CubeIDE/plugins/com.st.stm32cube.ide.mcu.externaltools.gnu-tools-for-stm32.13.3.rel1.win32_1.0.0.202411081344/tools/bin/../lib/gcc/arm-none-eabi/13.3.1/../../../../arm-none-eabi/lib/thumb/v7-m/nofp\libc_nano.a(libc_a-errno.o)
                0x08008c1c                __errno
 .text.__libc_init_array
                0x08008c28       0x48 C:/ST/STM32CubeIDE_1.13.2/STM32CubeIDE/plugins/com.st.stm32cube.ide.mcu.externaltools.gnu-tools-for-stm32.13.3.rel1.win32_1.0.0.202411081344/tools/bin/../lib/gcc/arm-none-eabi/13.3.1/../../../../arm-none-eabi/lib/thumb/v7-m/nofp\libc_nano.a(libc_a-init.o)
                0x08008c28                __libc_init_array
 .text.__retarget_lock_acquire_recursive
                0x08008c70        0x2 C:/ST/STM32CubeIDE_1.13.2/STM32CubeIDE/plugins/com.st.stm32cube.ide.mcu.externaltools.gnu-tools-for-stm32.13.3.rel1.win32_1.0.0.202411081344/tools/bin/../lib/gcc/arm-none-eabi/13.3.1/../../../../arm-none-eabi/lib/thumb/v7-m/nofp\libc_nano.a(libc_a-lock.o)
                0x08008c70                __retarget_lock_acquire_recursive
 .text.__retarget_lock_release_recursive
                0x08008c72        0x2 C:/ST/STM32CubeIDE_1.13.2/STM32CubeIDE/plugins/com.st.stm32cube.ide.mcu.externaltools.gnu-tools-for-stm32.13.3.rel1.win32_1.0.0.202411081344/tools/bin/../lib/gcc/arm-none-eabi/13.3.1/../../../../arm-none-eabi/lib/thumb/v7-m/nofp\libc_nano.a(libc_a-lock.o)
                0x08008c72                __retarget_lock_release_recursive
 .text.memcpy   0x08008c74       0x1c C:/ST/STM32CubeIDE_1.13.2/STM32CubeIDE/plugins/com.st.stm32cube.ide.mcu.externaltools.gnu-tools-for-stm32.13.3.rel1.win32_1.0.0.202411081344/tools/bin/../lib/gcc/arm-none-eabi/13.3.1/../../../../arm-none-eabi/lib/thumb/v7-m/nofp\libc_nano.a(libc_a-memcpy-stub.o)
                0x08008c74                memcpy
 .text._free_r  0x08008c90       0x90 C:/ST/STM32CubeIDE_1.13.2/STM32CubeIDE/plugins/com.st.stm32cube.ide.mcu.externaltools.gnu-tools-for-stm32.13.3.rel1.win32_1.0.0.202411081344/tools/bin/../lib/gcc/arm-none-eabi/13.3.1/../../../../arm-none-eabi/lib/thumb/v7-m/nofp\libc_nano.a(libc_a-freer.o)
                0x08008c90                _free_r
 *(.glue_7)
 .glue_7        0x08008d20        0x0 linker stubs
 *(.glue_7t)
 .glue_7t       0x08008d20        0x0 linker stubs
 *(.eh_frame)
 .eh_frame      0x08008d20        0x0 C:/ST/STM32CubeIDE_1.13.2/STM32CubeIDE/plugins/com.st.stm32cube.ide.mcu.externaltools.gnu-tools-for-stm32.13.3.rel1.win32_1.0.0.202411081344/tools/bin/../lib/gcc/arm-none-eabi/13.3.1/thumb/v7-m/nofp/crtbegin.o
 *(.init)
 .init          0x08008d20        0x4 C:/ST/STM32CubeIDE_1.13.2/STM32CubeIDE/plugins/com.st.stm32cube.ide.mcu.externaltools.gnu-tools-for-stm32.13.3.rel1.win32_1.0.0.202411081344/tools/bin/../lib/gcc/arm-none-eabi/13.3.1/thumb/v7-m/nofp/crti.o
                0x08008d20                _init
 .init          0x08008d24        0x8 C:/ST/STM32CubeIDE_1.13.2/STM32CubeIDE/plugins/com.st.stm32cube.ide.mcu.externaltools.gnu-tools-for-stm32.13.3.rel1.win32_1.0.0.202411081344/tools/bin/../lib/gcc/arm-none-eabi/13.3.1/thumb/v7-m/nofp/crtn.o
 *(.fini)
 .fini          0x08008d2c        0x4 C:/ST/STM32CubeIDE_1.13.2/STM32CubeIDE/plugins/com.st.stm32cube.ide.mcu.externaltools.gnu-tools-for-stm32.13.3.rel1.win32_1.0.0.202411081344/tools/bin/../lib/gcc/arm-none-eabi/13.3.1/thumb/v7-m/nofp/crti.o
                0x08008d2c                _fini
 .fini          0x08008d30        0x8 C:/ST/STM32CubeIDE_1.13.2/STM32CubeIDE/plugins/com.st.stm32cube.ide.mcu.externaltools.gnu-tools-for-stm32.13.3.rel1.win32_1.0.0.202411081344/tools/bin/../lib/gcc/arm-none-eabi/13.3.1/thumb/v7-m/nofp/crtn.o
                0x08008d38                        . = ALIGN (0x4)
                0x08008d38                        _etext = .

.vfp11_veneer   0x08008d38        0x0
 .vfp11_veneer  0x08008d38        0x0 linker stubs

.v4_bx          0x08008d38        0x0
 .v4_bx         0x08008d38        0x0 linker stubs

.iplt           0x08008d38        0x0
 .iplt          0x08008d38        0x0 C:/ST/STM32CubeIDE_1.13.2/STM32CubeIDE/plugins/com.st.stm32cube.ide.mcu.externaltools.gnu-tools-for-stm32.13.3.rel1.win32_1.0.0.202411081344/tools/bin/../lib/gcc/arm-none-eabi/13.3.1/thumb/v7-m/nofp/crtbegin.o

.rodata         0x08008d38       0x6c
                0x08008d38                        . = ALIGN (0x4)
 *(.rodata)
 .rodata        0x08008d38        0x6 ./Core/Src/mm_commands.o
 *fill*         0x08008d3e        0x2 
 .rodata        0x08008d40       0x20 ./Core/Src/mm_floodfill.o
 *(.rodata*)
 .rodata.SYSTICK_INTERVAL
                0x08008d60        0x4 ./Core/Src/mm_motors.o
                0x08008d60                SYSTICK_INTERVAL
 .rodata.AHBPrescTable
                0x08008d64       0x10 ./Core/Src/system_stm32f1xx.o
                0x08008d64                AHBPrescTable
 .rodata.APBPrescTable
                0x08008d74        0x8 ./Core/Src/system_stm32f1xx.o
                0x08008d74                APBPrescTable
 .rodata.aPLLMULFactorTable.1
                0x08008d7c       0x10 ./Drivers/STM32F1xx_HAL_Driver/Src/stm32f1xx_hal_rcc.o
 .rodata.aPredivFactorTable.0
                0x08008d8c        0x2 ./Drivers/STM32F1xx_HAL_Driver/Src/stm32f1xx_hal_rcc.o
 *fill*         0x08008d8e        0x2 
 .rodata.aPLLMULFactorTable.1
                0x08008d90       0x10 ./Drivers/STM32F1xx_HAL_Driver/Src/stm32f1xx_hal_rcc_ex.o
 .rodata.aPredivFactorTable.0
                0x08008da0        0x2 ./Drivers/STM32F1xx_HAL_Driver/Src/stm32f1xx_hal_rcc_ex.o
                0x08008da4                        . = ALIGN (0x4)
 *fill*         0x08008da2        0x2 

.rel.dyn        0x08008da4        0x0
 .rel.iplt      0x08008da4        0x0 C:/ST/STM32CubeIDE_1.13.2/STM32CubeIDE/plugins/com.st.stm32cube.ide.mcu.externaltools.gnu-tools-for-stm32.13.3.rel1.win32_1.0.0.202411081344/tools/bin/../lib/gcc/arm-none-eabi/13.3.1/thumb/v7-m/nofp/crtbegin.o

.ARM.extab      0x08008da4        0x0
                0x08008da4                        . = ALIGN (0x4)
 *(.ARM.extab* .gnu.linkonce.armextab.*)
                0x08008da4                        . = ALIGN (0x4)

.ARM            0x08008da4        0x0
                0x08008da4                        . = ALIGN (0x4)
                0x08008da4                        __exidx_start = .
 *(.ARM.exidx*)
                0x08008da4                        __exidx_end = .
                0x08008da4                        . = ALIGN (0x4)

.preinit_array  0x08008da4        0x0
                0x08008da4                        . = ALIGN (0x4)
                0x08008da4                        PROVIDE (__preinit_array_start = .)
 *(.preinit_array*)
                0x08008da4                        PROVIDE (__preinit_array_end = .)
                0x08008da4                        . = ALIGN (0x4)

.init_array     0x08008da4        0x4
                0x08008da4                        . = ALIGN (0x4)
                0x08008da4                        PROVIDE (__init_array_start = .)
 *(SORT_BY_NAME(.init_array.*))
 *(.init_array*)
 .init_array    0x08008da4        0x4 C:/ST/STM32CubeIDE_1.13.2/STM32CubeIDE/plugins/com.st.stm32cube.ide.mcu.externaltools.gnu-tools-for-stm32.13.3.rel1.win32_1.0.0.202411081344/tools/bin/../lib/gcc/arm-none-eabi/13.3.1/thumb/v7-m/nofp/crtbegin.o
                0x08008da8                        PROVIDE (__init_array_end = .)
                0x08008da8                        . = ALIGN (0x4)

.fini_array     0x08008da8        0x4
                0x08008da8                        . = ALIGN (0x4)
                [!provide]                        PROVIDE (__fini_array_start = .)
 *(SORT_BY_NAME(.fini_array.*))
 *(.fini_array*)
 .fini_array    0x08008da8        0x4 C:/ST/STM32CubeIDE_1.13.2/STM32CubeIDE/plugins/com.st.stm32cube.ide.mcu.externaltools.gnu-tools-for-stm32.13.3.rel1.win32_1.0.0.202411081344/tools/bin/../lib/gcc/arm-none-eabi/13.3.1/thumb/v7-m/nofp/crtbegin.o
                [!provide]                        PROVIDE (__fini_array_end = .)
                0x08008dac                        . = ALIGN (0x4)
                0x08008dac                        _sidata = LOADADDR (.data)

.data           0x20000000       0x7c load address 0x08008dac
                0x20000000                        . = ALIGN (0x4)
                0x20000000                        _sdata = .
 *(.data)
 *(.data*)
 .data.txData   0x20000000        0x1 ./Core/Src/mm_commands.o
                0x20000000                txData
 *fill*         0x20000001        0x3 
 .data.mask_array
                0x20000004        0x4 ./Core/Src/mm_floodfill.o
                0x20000004                mask_array
 .data.prev_action
                0x20000008        0x1 ./Core/Src/mm_floodfill.o
                0x20000008                prev_action
 *fill*         0x20000009        0x3 
 .data.STEERING_ADJUSTMENT_LIMIT
                0x2000000c        0x4 ./Core/Src/mm_vision.o
                0x2000000c                STEERING_ADJUSTMENT_LIMIT
 .data.translation_FL
                0x20000010        0x2 ./Core/Src/mm_vision.o
                0x20000010                translation_FL
 .data.translation_L
                0x20000012        0x2 ./Core/Src/mm_vision.o
                0x20000012                translation_L
 .data.translation_R
                0x20000014        0x2 ./Core/Src/mm_vision.o
                0x20000014                translation_R
 .data.translation_FR
                0x20000016        0x2 ./Core/Src/mm_vision.o
                0x20000016                translation_FR
 .data.wall_front_thresh
                0x20000018        0x2 ./Core/Src/mm_vision.o
                0x20000018                wall_front_thresh
 .data.wall_left_thresh
                0x2000001a        0x2 ./Core/Src/mm_vision.o
                0x2000001a                wall_left_thresh
 .data.wall_right_thresh
                0x2000001c        0x2 ./Core/Src/mm_vision.o
                0x2000001c                wall_right_thresh
 *fill*         0x2000001e        0x2 
 .data.SystemCoreClock
                0x20000020        0x4 ./Core/Src/system_stm32f1xx.o
                0x20000020                SystemCoreClock
 .data.uwTickPrio
                0x20000024        0x4 ./Drivers/STM32F1xx_HAL_Driver/Src/stm32f1xx_hal.o
                0x20000024                uwTickPrio
 .data.uwTickFreq
                0x20000028        0x1 ./Drivers/STM32F1xx_HAL_Driver/Src/stm32f1xx_hal.o
                0x20000028                uwTickFreq
 *fill*         0x20000029        0x3 
 .data._impure_ptr
                0x2000002c        0x4 C:/ST/STM32CubeIDE_1.13.2/STM32CubeIDE/plugins/com.st.stm32cube.ide.mcu.externaltools.gnu-tools-for-stm32.13.3.rel1.win32_1.0.0.202411081344/tools/bin/../lib/gcc/arm-none-eabi/13.3.1/../../../../arm-none-eabi/lib/thumb/v7-m/nofp\libc_nano.a(libc_a-impure.o)
                0x2000002c                _impure_ptr
 .data._impure_data
                0x20000030       0x4c C:/ST/STM32CubeIDE_1.13.2/STM32CubeIDE/plugins/com.st.stm32cube.ide.mcu.externaltools.gnu-tools-for-stm32.13.3.rel1.win32_1.0.0.202411081344/tools/bin/../lib/gcc/arm-none-eabi/13.3.1/../../../../arm-none-eabi/lib/thumb/v7-m/nofp\libc_nano.a(libc_a-impure.o)
                0x20000030                _impure_data
 *(.RamFunc)
 *(.RamFunc*)
                0x2000007c                        . = ALIGN (0x4)
                0x2000007c                        _edata = .

.igot.plt       0x2000007c        0x0 load address 0x08008e28
 .igot.plt      0x2000007c        0x0 C:/ST/STM32CubeIDE_1.13.2/STM32CubeIDE/plugins/com.st.stm32cube.ide.mcu.externaltools.gnu-tools-for-stm32.13.3.rel1.win32_1.0.0.202411081344/tools/bin/../lib/gcc/arm-none-eabi/13.3.1/thumb/v7-m/nofp/crtbegin.o
                0x2000007c                        . = ALIGN (0x4)

.bss            0x20000080      0xd80 load address 0x08008e28
                0x20000080                        _sbss = .
                0x20000080                        __bss_start__ = _sbss
 *(.bss)
 .bss           0x20000080       0x1c C:/ST/STM32CubeIDE_1.13.2/STM32CubeIDE/plugins/com.st.stm32cube.ide.mcu.externaltools.gnu-tools-for-stm32.13.3.rel1.win32_1.0.0.202411081344/tools/bin/../lib/gcc/arm-none-eabi/13.3.1/thumb/v7-m/nofp/crtbegin.o
 *(.bss*)
 .bss.hadc1     0x2000009c       0x30 ./Core/Src/main.o
                0x2000009c                hadc1
 .bss.hadc2     0x200000cc       0x30 ./Core/Src/main.o
                0x200000cc                hadc2
 .bss.htim2     0x200000fc       0x48 ./Core/Src/main.o
                0x200000fc                htim2
 .bss.htim3     0x20000144       0x48 ./Core/Src/main.o
                0x20000144                htim3
 .bss.htim4     0x2000018c       0x48 ./Core/Src/main.o
                0x2000018c                htim4
 .bss.huart1    0x200001d4       0x48 ./Core/Src/main.o
                0x200001d4                huart1
 *fill*         0x2000021c        0x4 
 .bss.mouse_state
                0x20000220       0x20 ./Core/Src/main.o
                0x20000220                mouse_state
 .bss.debugMode
                0x20000240        0x1 ./Core/Src/main.o
                0x20000240                debugMode
 .bss.debugCounter
                0x20000241        0x1 ./Core/Src/main.o
                0x20000241                debugCounter
 *fill*         0x20000242        0x2 
 .bss.global_time
                0x20000244        0x4 ./Core/Src/main.o
                0x20000244                global_time
 .bss.armed     0x20000248        0x1 ./Core/Src/main.o
                0x20000248                armed
 *fill*         0x20000249        0x3 
 .bss.objective_L
                0x2000024c        0x4 ./Core/Src/main.o
                0x2000024c                objective_L
 .bss.objective_R
                0x20000250        0x4 ./Core/Src/main.o
                0x20000250                objective_R
 .bss.maze      0x20000254      0x92c ./Core/Src/main.o
                0x20000254                maze
 .bss.mouse_mode
                0x20000b80        0x1 ./Core/Src/main.o
                0x20000b80                mouse_mode
 *fill*         0x20000b81        0x3 
 .bss.forward_profile
                0x20000b84       0x28 ./Core/Src/main.o
                0x20000b84                forward_profile
 .bss.rotational_profile
                0x20000bac       0x28 ./Core/Src/main.o
                0x20000bac                rotational_profile
 .bss.rxData    0x20000bd4        0x1 ./Core/Src/mm_commands.o
                0x20000bd4                rxData
 *fill*         0x20000bd5        0x3 
 .bss.txDebug   0x20000bd8       0x1c ./Core/Src/mm_commands.o
                0x20000bd8                txDebug
 .bss.HALTED    0x20000bf4        0x1 ./Core/Src/mm_commands.o
                0x20000bf4                HALTED
 *fill*         0x20000bf5        0x1 
 .bss.counter_L
                0x20000bf6        0x2 ./Core/Src/mm_encoders.o
                0x20000bf6                counter_L
 .bss.counter_R
                0x20000bf8        0x2 ./Core/Src/mm_encoders.o
                0x20000bf8                counter_R
 *fill*         0x20000bfa        0x2 
 .bss.delta_position_forward
                0x20000bfc        0x4 ./Core/Src/mm_encoders.o
                0x20000bfc                delta_position_forward
 .bss.delta_position_rotational
                0x20000c00        0x4 ./Core/Src/mm_encoders.o
                0x20000c00                delta_position_rotational
 .bss.mouse_angle
                0x20000c04        0x4 ./Core/Src/mm_encoders.o
                0x20000c04                mouse_angle
 .bss.mouse_position
                0x20000c08        0x4 ./Core/Src/mm_encoders.o
                0x20000c08                mouse_position
 .bss.last_calculated_time
                0x20000c0c        0x8 ./Core/Src/mm_encoders.o
                0x20000c0c                last_calculated_time
 .bss.last_tick_count
                0x20000c14        0x8 ./Core/Src/mm_encoders.o
                0x20000c14                last_tick_count
 .bss.disable_adc
                0x20000c1c        0x1 ./Core/Src/mm_floodfill.o
                0x20000c1c                disable_adc
 .bss.just_reached_goal
                0x20000c1d        0x1 ./Core/Src/mm_floodfill.o
                0x20000c1d                just_reached_goal
 *fill*         0x20000c1e        0x2 
 .bss.fwd_placeholder_1
                0x20000c20       0x14 ./Core/Src/mm_floodfill.o
                0x20000c20                fwd_placeholder_1
 .bss.fwd_placeholder_2
                0x20000c34       0x14 ./Core/Src/mm_floodfill.o
                0x20000c34                fwd_placeholder_2
 .bss.rot_placeholder_1
                0x20000c48       0x14 ./Core/Src/mm_floodfill.o
                0x20000c48                rot_placeholder_1
 .bss.forward_error
                0x20000c5c        0x4 ./Core/Src/mm_motors.o
                0x20000c5c                forward_error
 .bss.previous_forward_error
                0x20000c60        0x4 ./Core/Src/mm_motors.o
                0x20000c60                previous_forward_error
 .bss.rotational_error
                0x20000c64        0x4 ./Core/Src/mm_motors.o
                0x20000c64                rotational_error
 .bss.previous_rotational_error
                0x20000c68        0x4 ./Core/Src/mm_motors.o
                0x20000c68                previous_rotational_error
 .bss.motor_controller_enabled
                0x20000c6c        0x1 ./Core/Src/mm_motors.o
                0x20000c6c                motor_controller_enabled
 *fill*         0x20000c6d        0x3 
 .bss.on_completion_error_forward
                0x20000c70        0x4 ./Core/Src/mm_profiles.o
                0x20000c70                on_completion_error_forward
 .bss.buzzerDelay
                0x20000c74        0x2 ./Core/Src/mm_supplemental.o
                0x20000c74                buzzerDelay
 *fill*         0x20000c76        0x2 
 .bss.time_last_updated_ms
                0x20000c78        0x4 ./Core/Src/mm_systick.o
                0x20000c78                time_last_updated_ms
 .bss.wall_front
                0x20000c7c        0x1 ./Core/Src/mm_vision.o
                0x20000c7c                wall_front
 .bss.wall_left
                0x20000c7d        0x1 ./Core/Src/mm_vision.o
                0x20000c7d                wall_left
 .bss.wall_right
                0x20000c7e        0x1 ./Core/Src/mm_vision.o
                0x20000c7e                wall_right
 *fill*         0x20000c7f        0x1 
 .bss.previous_error
                0x20000c80        0x4 ./Core/Src/mm_vision.o
                0x20000c80                previous_error
 .bss.adjust_steering
                0x20000c84        0x1 ./Core/Src/mm_vision.o
                0x20000c84                adjust_steering
 *fill*         0x20000c85        0x3 
 .bss.steering_adjustment
                0x20000c88        0x4 ./Core/Src/mm_vision.o
                0x20000c88                steering_adjustment
 .bss.__sbrk_heap_end
                0x20000c8c        0x4 ./Core/Src/sysmem.o
 .bss.uwTick    0x20000c90        0x4 ./Drivers/STM32F1xx_HAL_Driver/Src/stm32f1xx_hal.o
                0x20000c90                uwTick
 *fill*         0x20000c94        0x4 
 .bss.pFlash    0x20000c98       0x20 ./Drivers/STM32F1xx_HAL_Driver/Src/stm32f1xx_hal_flash.o
                0x20000c98                pFlash
 .bss.__malloc_sbrk_start
                0x20000cb8        0x4 C:/ST/STM32CubeIDE_1.13.2/STM32CubeIDE/plugins/com.st.stm32cube.ide.mcu.externaltools.gnu-tools-for-stm32.13.3.rel1.win32_1.0.0.202411081344/tools/bin/../lib/gcc/arm-none-eabi/13.3.1/../../../../arm-none-eabi/lib/thumb/v7-m/nofp\libc_nano.a(libc_a-mallocr.o)
                0x20000cb8                __malloc_sbrk_start
 .bss.__malloc_free_list
                0x20000cbc        0x4 C:/ST/STM32CubeIDE_1.13.2/STM32CubeIDE/plugins/com.st.stm32cube.ide.mcu.externaltools.gnu-tools-for-stm32.13.3.rel1.win32_1.0.0.202411081344/tools/bin/../lib/gcc/arm-none-eabi/13.3.1/../../../../arm-none-eabi/lib/thumb/v7-m/nofp\libc_nano.a(libc_a-mallocr.o)
                0x20000cbc                __malloc_free_list
 .bss.__sf      0x20000cc0      0x138 C:/ST/STM32CubeIDE_1.13.2/STM32CubeIDE/plugins/com.st.stm32cube.ide.mcu.externaltools.gnu-tools-for-stm32.13.3.rel1.win32_1.0.0.202411081344/tools/bin/../lib/gcc/arm-none-eabi/13.3.1/../../../../arm-none-eabi/lib/thumb/v7-m/nofp\libc_nano.a(libc_a-findfp.o)
                0x20000cc0                __sf
 .bss.errno     0x20000df8        0x4 C:/ST/STM32CubeIDE_1.13.2/STM32CubeIDE/plugins/com.st.stm32cube.ide.mcu.externaltools.gnu-tools-for-stm32.13.3.rel1.win32_1.0.0.202411081344/tools/bin/../lib/gcc/arm-none-eabi/13.3.1/../../../../arm-none-eabi/lib/thumb/v7-m/nofp\libc_nano.a(libc_a-reent.o)
                0x20000df8                errno
 .bss.__lock___malloc_recursive_mutex
                0x20000dfc        0x1 C:/ST/STM32CubeIDE_1.13.2/STM32CubeIDE/plugins/com.st.stm32cube.ide.mcu.externaltools.gnu-tools-for-stm32.13.3.rel1.win32_1.0.0.202411081344/tools/bin/../lib/gcc/arm-none-eabi/13.3.1/../../../../arm-none-eabi/lib/thumb/v7-m/nofp\libc_nano.a(libc_a-lock.o)
                0x20000dfc                __lock___malloc_recursive_mutex
 *(COMMON)
                0x20000e00                        . = ALIGN (0x4)
 *fill*         0x20000dfd        0x3 
                0x20000e00                        _ebss = .
                0x20000e00                        __bss_end__ = _ebss

._user_heap_stack
                0x20000e00      0x600 load address 0x08008e28
                0x20000e00                        . = ALIGN (0x8)
                [!provide]                        PROVIDE (end = .)
                0x20000e00                        PROVIDE (_end = .)
                0x20001000                        . = (. + _Min_Heap_Size)
 *fill*         0x20000e00      0x200 
                0x20001400                        . = (. + _Min_Stack_Size)
 *fill*         0x20001000      0x400 
                0x20001400                        . = ALIGN (0x8)

/DISCARD/
 libc.a(*)
 libm.a(*)
 libgcc.a(*)

.ARM.attributes
                0x00000000       0x29
 *(.ARM.attributes)
 .ARM.attributes
                0x00000000       0x1d C:/ST/STM32CubeIDE_1.13.2/STM32CubeIDE/plugins/com.st.stm32cube.ide.mcu.externaltools.gnu-tools-for-stm32.13.3.rel1.win32_1.0.0.202411081344/tools/bin/../lib/gcc/arm-none-eabi/13.3.1/thumb/v7-m/nofp/crti.o
 .ARM.attributes
                0x0000001d       0x2d C:/ST/STM32CubeIDE_1.13.2/STM32CubeIDE/plugins/com.st.stm32cube.ide.mcu.externaltools.gnu-tools-for-stm32.13.3.rel1.win32_1.0.0.202411081344/tools/bin/../lib/gcc/arm-none-eabi/13.3.1/thumb/v7-m/nofp/crtbegin.o
 .ARM.attributes
                0x0000004a       0x2d ./Core/Src/main.o
 .ARM.attributes
                0x00000077       0x2d ./Core/Src/mm_commands.o
 .ARM.attributes
                0x000000a4       0x2d ./Core/Src/mm_encoders.o
 .ARM.attributes
                0x000000d1       0x2d ./Core/Src/mm_floodfill.o
 .ARM.attributes
                0x000000fe       0x2d ./Core/Src/mm_motors.o
 .ARM.attributes
                0x0000012b       0x2d ./Core/Src/mm_profiles.o
 .ARM.attributes
                0x00000158       0x2d ./Core/Src/mm_supplemental.o
 .ARM.attributes
                0x00000185       0x2d ./Core/Src/mm_systick.o
 .ARM.attributes
                0x000001b2       0x2d ./Core/Src/mm_vision.o
 .ARM.attributes
                0x000001df       0x2d ./Core/Src/stm32f1xx_hal_msp.o
 .ARM.attributes
                0x0000020c       0x2d ./Core/Src/stm32f1xx_it.o
 .ARM.attributes
                0x00000239       0x2d ./Core/Src/sysmem.o
 .ARM.attributes
                0x00000266       0x2d ./Core/Src/system_stm32f1xx.o
 .ARM.attributes
                0x00000293       0x21 ./Core/Startup/startup_stm32f103c8tx.o
 .ARM.attributes
                0x000002b4       0x2d ./Drivers/STM32F1xx_HAL_Driver/Src/stm32f1xx_hal.o
 .ARM.attributes
                0x000002e1       0x2d ./Drivers/STM32F1xx_HAL_Driver/Src/stm32f1xx_hal_adc.o
 .ARM.attributes
                0x0000030e       0x2d ./Drivers/STM32F1xx_HAL_Driver/Src/stm32f1xx_hal_cortex.o
 .ARM.attributes
                0x0000033b       0x2d ./Drivers/STM32F1xx_HAL_Driver/Src/stm32f1xx_hal_dma.o
 .ARM.attributes
                0x00000368       0x2d ./Drivers/STM32F1xx_HAL_Driver/Src/stm32f1xx_hal_flash.o
 .ARM.attributes
                0x00000395       0x2d ./Drivers/STM32F1xx_HAL_Driver/Src/stm32f1xx_hal_flash_ex.o
 .ARM.attributes
                0x000003c2       0x2d ./Drivers/STM32F1xx_HAL_Driver/Src/stm32f1xx_hal_gpio.o
 .ARM.attributes
                0x000003ef       0x2d ./Drivers/STM32F1xx_HAL_Driver/Src/stm32f1xx_hal_rcc.o
 .ARM.attributes
                0x0000041c       0x2d ./Drivers/STM32F1xx_HAL_Driver/Src/stm32f1xx_hal_rcc_ex.o
 .ARM.attributes
                0x00000449       0x2d ./Drivers/STM32F1xx_HAL_Driver/Src/stm32f1xx_hal_tim.o
 .ARM.attributes
                0x00000476       0x2d ./Drivers/STM32F1xx_HAL_Driver/Src/stm32f1xx_hal_tim_ex.o
 .ARM.attributes
                0x000004a3       0x2d ./Drivers/STM32F1xx_HAL_Driver/Src/stm32f1xx_hal_uart.o
 .ARM.attributes
                0x000004d0       0x2d C:/ST/STM32CubeIDE_1.13.2/STM32CubeIDE/plugins/com.st.stm32cube.ide.mcu.externaltools.gnu-tools-for-stm32.13.3.rel1.win32_1.0.0.202411081344/tools/bin/../lib/gcc/arm-none-eabi/13.3.1/../../../../arm-none-eabi/lib/thumb/v7-m/nofp\libc_nano.a(libc_a-malloc.o)
 .ARM.attributes
                0x000004fd       0x2d C:/ST/STM32CubeIDE_1.13.2/STM32CubeIDE/plugins/com.st.stm32cube.ide.mcu.externaltools.gnu-tools-for-stm32.13.3.rel1.win32_1.0.0.202411081344/tools/bin/../lib/gcc/arm-none-eabi/13.3.1/../../../../arm-none-eabi/lib/thumb/v7-m/nofp\libc_nano.a(libc_a-mallocr.o)
 .ARM.attributes
                0x0000052a       0x2d C:/ST/STM32CubeIDE_1.13.2/STM32CubeIDE/plugins/com.st.stm32cube.ide.mcu.externaltools.gnu-tools-for-stm32.13.3.rel1.win32_1.0.0.202411081344/tools/bin/../lib/gcc/arm-none-eabi/13.3.1/../../../../arm-none-eabi/lib/thumb/v7-m/nofp\libc_nano.a(libc_a-mlock.o)
 .ARM.attributes
                0x00000557       0x2d C:/ST/STM32CubeIDE_1.13.2/STM32CubeIDE/plugins/com.st.stm32cube.ide.mcu.externaltools.gnu-tools-for-stm32.13.3.rel1.win32_1.0.0.202411081344/tools/bin/../lib/gcc/arm-none-eabi/13.3.1/../../../../arm-none-eabi/lib/thumb/v7-m/nofp\libc_nano.a(libc_a-findfp.o)
 .ARM.attributes
                0x00000584       0x2d C:/ST/STM32CubeIDE_1.13.2/STM32CubeIDE/plugins/com.st.stm32cube.ide.mcu.externaltools.gnu-tools-for-stm32.13.3.rel1.win32_1.0.0.202411081344/tools/bin/../lib/gcc/arm-none-eabi/13.3.1/../../../../arm-none-eabi/lib/thumb/v7-m/nofp\libc_nano.a(libc_a-memset.o)
 .ARM.attributes
                0x000005b1       0x2d C:/ST/STM32CubeIDE_1.13.2/STM32CubeIDE/plugins/com.st.stm32cube.ide.mcu.externaltools.gnu-tools-for-stm32.13.3.rel1.win32_1.0.0.202411081344/tools/bin/../lib/gcc/arm-none-eabi/13.3.1/../../../../arm-none-eabi/lib/thumb/v7-m/nofp\libc_nano.a(libc_a-reent.o)
 .ARM.attributes
                0x000005de       0x2d C:/ST/STM32CubeIDE_1.13.2/STM32CubeIDE/plugins/com.st.stm32cube.ide.mcu.externaltools.gnu-tools-for-stm32.13.3.rel1.win32_1.0.0.202411081344/tools/bin/../lib/gcc/arm-none-eabi/13.3.1/../../../../arm-none-eabi/lib/thumb/v7-m/nofp\libc_nano.a(libc_a-impure.o)
 .ARM.attributes
                0x0000060b       0x2d C:/ST/STM32CubeIDE_1.13.2/STM32CubeIDE/plugins/com.st.stm32cube.ide.mcu.externaltools.gnu-tools-for-stm32.13.3.rel1.win32_1.0.0.202411081344/tools/bin/../lib/gcc/arm-none-eabi/13.3.1/../../../../arm-none-eabi/lib/thumb/v7-m/nofp\libc_nano.a(libc_a-sbrkr.o)
 .ARM.attributes
                0x00000638       0x2d C:/ST/STM32CubeIDE_1.13.2/STM32CubeIDE/plugins/com.st.stm32cube.ide.mcu.externaltools.gnu-tools-for-stm32.13.3.rel1.win32_1.0.0.202411081344/tools/bin/../lib/gcc/arm-none-eabi/13.3.1/../../../../arm-none-eabi/lib/thumb/v7-m/nofp\libc_nano.a(libc_a-errno.o)
 .ARM.attributes
                0x00000665       0x2d C:/ST/STM32CubeIDE_1.13.2/STM32CubeIDE/plugins/com.st.stm32cube.ide.mcu.externaltools.gnu-tools-for-stm32.13.3.rel1.win32_1.0.0.202411081344/tools/bin/../lib/gcc/arm-none-eabi/13.3.1/../../../../arm-none-eabi/lib/thumb/v7-m/nofp\libc_nano.a(libc_a-init.o)
 .ARM.attributes
                0x00000692       0x2d C:/ST/STM32CubeIDE_1.13.2/STM32CubeIDE/plugins/com.st.stm32cube.ide.mcu.externaltools.gnu-tools-for-stm32.13.3.rel1.win32_1.0.0.202411081344/tools/bin/../lib/gcc/arm-none-eabi/13.3.1/../../../../arm-none-eabi/lib/thumb/v7-m/nofp\libc_nano.a(libc_a-lock.o)
 .ARM.attributes
                0x000006bf       0x2d C:/ST/STM32CubeIDE_1.13.2/STM32CubeIDE/plugins/com.st.stm32cube.ide.mcu.externaltools.gnu-tools-for-stm32.13.3.rel1.win32_1.0.0.202411081344/tools/bin/../lib/gcc/arm-none-eabi/13.3.1/../../../../arm-none-eabi/lib/thumb/v7-m/nofp\libc_nano.a(libc_a-memcpy-stub.o)
 .ARM.attributes
                0x000006ec       0x2d C:/ST/STM32CubeIDE_1.13.2/STM32CubeIDE/plugins/com.st.stm32cube.ide.mcu.externaltools.gnu-tools-for-stm32.13.3.rel1.win32_1.0.0.202411081344/tools/bin/../lib/gcc/arm-none-eabi/13.3.1/../../../../arm-none-eabi/lib/thumb/v7-m/nofp\libc_nano.a(libc_a-freer.o)
 .ARM.attributes
                0x00000719       0x1d C:/ST/STM32CubeIDE_1.13.2/STM32CubeIDE/plugins/com.st.stm32cube.ide.mcu.externaltools.gnu-tools-for-stm32.13.3.rel1.win32_1.0.0.202411081344/tools/bin/../lib/gcc/arm-none-eabi/13.3.1/thumb/v7-m/nofp\libgcc.a(_arm_addsubdf3.o)
 .ARM.attributes
                0x00000736       0x1d C:/ST/STM32CubeIDE_1.13.2/STM32CubeIDE/plugins/com.st.stm32cube.ide.mcu.externaltools.gnu-tools-for-stm32.13.3.rel1.win32_1.0.0.202411081344/tools/bin/../lib/gcc/arm-none-eabi/13.3.1/thumb/v7-m/nofp\libgcc.a(_arm_muldivdf3.o)
 .ARM.attributes
                0x00000753       0x1d C:/ST/STM32CubeIDE_1.13.2/STM32CubeIDE/plugins/com.st.stm32cube.ide.mcu.externaltools.gnu-tools-for-stm32.13.3.rel1.win32_1.0.0.202411081344/tools/bin/../lib/gcc/arm-none-eabi/13.3.1/thumb/v7-m/nofp\libgcc.a(_arm_fixdfsi.o)
 .ARM.attributes
                0x00000770       0x1d C:/ST/STM32CubeIDE_1.13.2/STM32CubeIDE/plugins/com.st.stm32cube.ide.mcu.externaltools.gnu-tools-for-stm32.13.3.rel1.win32_1.0.0.202411081344/tools/bin/../lib/gcc/arm-none-eabi/13.3.1/thumb/v7-m/nofp\libgcc.a(_arm_truncdfsf2.o)
 .ARM.attributes
                0x0000078d       0x1d C:/ST/STM32CubeIDE_1.13.2/STM32CubeIDE/plugins/com.st.stm32cube.ide.mcu.externaltools.gnu-tools-for-stm32.13.3.rel1.win32_1.0.0.202411081344/tools/bin/../lib/gcc/arm-none-eabi/13.3.1/thumb/v7-m/nofp\libgcc.a(_arm_addsubsf3.o)
 .ARM.attributes
                0x000007aa       0x1d C:/ST/STM32CubeIDE_1.13.2/STM32CubeIDE/plugins/com.st.stm32cube.ide.mcu.externaltools.gnu-tools-for-stm32.13.3.rel1.win32_1.0.0.202411081344/tools/bin/../lib/gcc/arm-none-eabi/13.3.1/thumb/v7-m/nofp\libgcc.a(_arm_muldivsf3.o)
 .ARM.attributes
                0x000007c7       0x1d C:/ST/STM32CubeIDE_1.13.2/STM32CubeIDE/plugins/com.st.stm32cube.ide.mcu.externaltools.gnu-tools-for-stm32.13.3.rel1.win32_1.0.0.202411081344/tools/bin/../lib/gcc/arm-none-eabi/13.3.1/thumb/v7-m/nofp\libgcc.a(_arm_cmpsf2.o)
 .ARM.attributes
                0x000007e4       0x1d C:/ST/STM32CubeIDE_1.13.2/STM32CubeIDE/plugins/com.st.stm32cube.ide.mcu.externaltools.gnu-tools-for-stm32.13.3.rel1.win32_1.0.0.202411081344/tools/bin/../lib/gcc/arm-none-eabi/13.3.1/thumb/v7-m/nofp\libgcc.a(_arm_fixunssfsi.o)
 .ARM.attributes
                0x00000801       0x1d C:/ST/STM32CubeIDE_1.13.2/STM32CubeIDE/plugins/com.st.stm32cube.ide.mcu.externaltools.gnu-tools-for-stm32.13.3.rel1.win32_1.0.0.202411081344/tools/bin/../lib/gcc/arm-none-eabi/13.3.1/thumb/v7-m/nofp/crtn.o
OUTPUT(TheHammer.elf elf32-littlearm)
LOAD linker stubs
LOAD C:/ST/STM32CubeIDE_1.13.2/STM32CubeIDE/plugins/com.st.stm32cube.ide.mcu.externaltools.gnu-tools-for-stm32.13.3.rel1.win32_1.0.0.202411081344/tools/bin/../lib/gcc/arm-none-eabi/13.3.1/../../../../arm-none-eabi/lib/thumb/v7-m/nofp\libc.a
LOAD C:/ST/STM32CubeIDE_1.13.2/STM32CubeIDE/plugins/com.st.stm32cube.ide.mcu.externaltools.gnu-tools-for-stm32.13.3.rel1.win32_1.0.0.202411081344/tools/bin/../lib/gcc/arm-none-eabi/13.3.1/../../../../arm-none-eabi/lib/thumb/v7-m/nofp\libm.a
LOAD C:/ST/STM32CubeIDE_1.13.2/STM32CubeIDE/plugins/com.st.stm32cube.ide.mcu.externaltools.gnu-tools-for-stm32.13.3.rel1.win32_1.0.0.202411081344/tools/bin/../lib/gcc/arm-none-eabi/13.3.1/thumb/v7-m/nofp\libgcc.a

.debug_info     0x00000000    0x1347a
 .debug_info    0x00000000     0x1b2b ./Core/Src/main.o
 .debug_info    0x00001b2b      0x867 ./Core/Src/mm_commands.o
 .debug_info    0x00002392      0x8c8 ./Core/Src/mm_encoders.o
 .debug_info    0x00002c5a      0xe60 ./Core/Src/mm_floodfill.o
 .debug_info    0x00003aba      0x905 ./Core/Src/mm_motors.o
 .debug_info    0x000043bf      0x4db ./Core/Src/mm_profiles.o
 .debug_info    0x0000489a      0xb99 ./Core/Src/mm_supplemental.o
 .debug_info    0x00005433      0x594 ./Core/Src/mm_systick.o
 .debug_info    0x000059c7      0xca4 ./Core/Src/mm_vision.o
 .debug_info    0x0000666b     0x1159 ./Core/Src/stm32f1xx_hal_msp.o
 .debug_info    0x000077c4      0x9bf ./Core/Src/stm32f1xx_it.o
 .debug_info    0x00008183      0x168 ./Core/Src/sysmem.o
 .debug_info    0x000082eb      0x222 ./Core/Src/system_stm32f1xx.o
 .debug_info    0x0000850d       0x30 ./Core/Startup/startup_stm32f103c8tx.o
 .debug_info    0x0000853d      0x704 ./Drivers/STM32F1xx_HAL_Driver/Src/stm32f1xx_hal.o
 .debug_info    0x00008c41      0xc50 ./Drivers/STM32F1xx_HAL_Driver/Src/stm32f1xx_hal_adc.o
 .debug_info    0x00009891      0xa87 ./Drivers/STM32F1xx_HAL_Driver/Src/stm32f1xx_hal_cortex.o
 .debug_info    0x0000a318      0x6d2 ./Drivers/STM32F1xx_HAL_Driver/Src/stm32f1xx_hal_dma.o
 .debug_info    0x0000a9ea      0x4f8 ./Drivers/STM32F1xx_HAL_Driver/Src/stm32f1xx_hal_flash.o
 .debug_info    0x0000aee2      0x777 ./Drivers/STM32F1xx_HAL_Driver/Src/stm32f1xx_hal_flash_ex.o
 .debug_info    0x0000b659      0x5ab ./Drivers/STM32F1xx_HAL_Driver/Src/stm32f1xx_hal_gpio.o
 .debug_info    0x0000bc04      0x7d5 ./Drivers/STM32F1xx_HAL_Driver/Src/stm32f1xx_hal_rcc.o
 .debug_info    0x0000c3d9      0x3c0 ./Drivers/STM32F1xx_HAL_Driver/Src/stm32f1xx_hal_rcc_ex.o
 .debug_info    0x0000c799     0x2959 ./Drivers/STM32F1xx_HAL_Driver/Src/stm32f1xx_hal_tim.o
 .debug_info    0x0000f0f2     0x149b ./Drivers/STM32F1xx_HAL_Driver/Src/stm32f1xx_hal_tim_ex.o
 .debug_info    0x0001058d     0x2eed ./Drivers/STM32F1xx_HAL_Driver/Src/stm32f1xx_hal_uart.o

.debug_abbrev   0x00000000     0x36ba
 .debug_abbrev  0x00000000      0x350 ./Core/Src/main.o
 .debug_abbrev  0x00000350      0x20f ./Core/Src/mm_commands.o
 .debug_abbrev  0x0000055f      0x1c4 ./Core/Src/mm_encoders.o
 .debug_abbrev  0x00000723      0x2e8 ./Core/Src/mm_floodfill.o
 .debug_abbrev  0x00000a0b      0x20f ./Core/Src/mm_motors.o
 .debug_abbrev  0x00000c1a      0x189 ./Core/Src/mm_profiles.o
 .debug_abbrev  0x00000da3      0x2db ./Core/Src/mm_supplemental.o
 .debug_abbrev  0x0000107e      0x1aa ./Core/Src/mm_systick.o
 .debug_abbrev  0x00001228      0x288 ./Core/Src/mm_vision.o
 .debug_abbrev  0x000014b0      0x254 ./Core/Src/stm32f1xx_hal_msp.o
 .debug_abbrev  0x00001704      0x1e1 ./Core/Src/stm32f1xx_it.o
 .debug_abbrev  0x000018e5       0xbc ./Core/Src/sysmem.o
 .debug_abbrev  0x000019a1      0x13f ./Core/Src/system_stm32f1xx.o
 .debug_abbrev  0x00001ae0       0x24 ./Core/Startup/startup_stm32f103c8tx.o
 .debug_abbrev  0x00001b04      0x201 ./Drivers/STM32F1xx_HAL_Driver/Src/stm32f1xx_hal.o
 .debug_abbrev  0x00001d05      0x225 ./Drivers/STM32F1xx_HAL_Driver/Src/stm32f1xx_hal_adc.o
 .debug_abbrev  0x00001f2a      0x2f8 ./Drivers/STM32F1xx_HAL_Driver/Src/stm32f1xx_hal_cortex.o
 .debug_abbrev  0x00002222      0x20b ./Drivers/STM32F1xx_HAL_Driver/Src/stm32f1xx_hal_dma.o
 .debug_abbrev  0x0000242d      0x250 ./Drivers/STM32F1xx_HAL_Driver/Src/stm32f1xx_hal_flash.o
 .debug_abbrev  0x0000267d      0x247 ./Drivers/STM32F1xx_HAL_Driver/Src/stm32f1xx_hal_flash_ex.o
 .debug_abbrev  0x000028c4      0x1ca ./Drivers/STM32F1xx_HAL_Driver/Src/stm32f1xx_hal_gpio.o
 .debug_abbrev  0x00002a8e      0x2b3 ./Drivers/STM32F1xx_HAL_Driver/Src/stm32f1xx_hal_rcc.o
 .debug_abbrev  0x00002d41      0x188 ./Drivers/STM32F1xx_HAL_Driver/Src/stm32f1xx_hal_rcc_ex.o
 .debug_abbrev  0x00002ec9      0x277 ./Drivers/STM32F1xx_HAL_Driver/Src/stm32f1xx_hal_tim.o
 .debug_abbrev  0x00003140      0x282 ./Drivers/STM32F1xx_HAL_Driver/Src/stm32f1xx_hal_tim_ex.o
 .debug_abbrev  0x000033c2      0x2f8 ./Drivers/STM32F1xx_HAL_Driver/Src/stm32f1xx_hal_uart.o

.debug_aranges  0x00000000     0x1150
 .debug_aranges
                0x00000000       0x78 ./Core/Src/main.o
 .debug_aranges
                0x00000078       0x38 ./Core/Src/mm_commands.o
 .debug_aranges
                0x000000b0       0x30 ./Core/Src/mm_encoders.o
 .debug_aranges
                0x000000e0       0x68 ./Core/Src/mm_floodfill.o
 .debug_aranges
                0x00000148       0x50 ./Core/Src/mm_motors.o
 .debug_aranges
                0x00000198       0x60 ./Core/Src/mm_profiles.o
 .debug_aranges
                0x000001f8       0x88 ./Core/Src/mm_supplemental.o
 .debug_aranges
                0x00000280       0x30 ./Core/Src/mm_systick.o
 .debug_aranges
                0x000002b0       0x78 ./Core/Src/mm_vision.o
 .debug_aranges
                0x00000328       0x68 ./Core/Src/stm32f1xx_hal_msp.o
 .debug_aranges
                0x00000390       0x88 ./Core/Src/stm32f1xx_it.o
 .debug_aranges
                0x00000418       0x20 ./Core/Src/sysmem.o
 .debug_aranges
                0x00000438       0x28 ./Core/Src/system_stm32f1xx.o
 .debug_aranges
                0x00000460       0x28 ./Core/Startup/startup_stm32f103c8tx.o
 .debug_aranges
                0x00000488       0xe0 ./Drivers/STM32F1xx_HAL_Driver/Src/stm32f1xx_hal.o
 .debug_aranges
                0x00000568       0xf0 ./Drivers/STM32F1xx_HAL_Driver/Src/stm32f1xx_hal_adc.o
 .debug_aranges
                0x00000658      0x100 ./Drivers/STM32F1xx_HAL_Driver/Src/stm32f1xx_hal_cortex.o
 .debug_aranges
                0x00000758       0x80 ./Drivers/STM32F1xx_HAL_Driver/Src/stm32f1xx_hal_dma.o
 .debug_aranges
                0x000007d8       0x88 ./Drivers/STM32F1xx_HAL_Driver/Src/stm32f1xx_hal_flash.o
 .debug_aranges
                0x00000860       0x98 ./Drivers/STM32F1xx_HAL_Driver/Src/stm32f1xx_hal_flash_ex.o
 .debug_aranges
                0x000008f8       0x58 ./Drivers/STM32F1xx_HAL_Driver/Src/stm32f1xx_hal_gpio.o
 .debug_aranges
                0x00000950       0x90 ./Drivers/STM32F1xx_HAL_Driver/Src/stm32f1xx_hal_rcc.o
 .debug_aranges
                0x000009e0       0x30 ./Drivers/STM32F1xx_HAL_Driver/Src/stm32f1xx_hal_rcc_ex.o
 .debug_aranges
                0x00000a10      0x3d0 ./Drivers/STM32F1xx_HAL_Driver/Src/stm32f1xx_hal_tim.o
 .debug_aranges
                0x00000de0      0x168 ./Drivers/STM32F1xx_HAL_Driver/Src/stm32f1xx_hal_tim_ex.o
 .debug_aranges
                0x00000f48      0x208 ./Drivers/STM32F1xx_HAL_Driver/Src/stm32f1xx_hal_uart.o

.debug_rnglists
                0x00000000      0xd74
 .debug_rnglists
                0x00000000       0x5b ./Core/Src/main.o
 .debug_rnglists
                0x0000005b       0x27 ./Core/Src/mm_commands.o
 .debug_rnglists
                0x00000082       0x21 ./Core/Src/mm_encoders.o
 .debug_rnglists
                0x000000a3       0x60 ./Core/Src/mm_floodfill.o
 .debug_rnglists
                0x00000103       0x3c ./Core/Src/mm_motors.o
 .debug_rnglists
                0x0000013f       0x48 ./Core/Src/mm_profiles.o
 .debug_rnglists
                0x00000187       0x62 ./Core/Src/mm_supplemental.o
 .debug_rnglists
                0x000001e9       0x20 ./Core/Src/mm_systick.o
 .debug_rnglists
                0x00000209       0x5a ./Core/Src/mm_vision.o
 .debug_rnglists
                0x00000263       0x4c ./Core/Src/stm32f1xx_hal_msp.o
 .debug_rnglists
                0x000002af       0x61 ./Core/Src/stm32f1xx_it.o
 .debug_rnglists
                0x00000310       0x13 ./Core/Src/sysmem.o
 .debug_rnglists
                0x00000323       0x1a ./Core/Src/system_stm32f1xx.o
 .debug_rnglists
                0x0000033d       0x19 ./Core/Startup/startup_stm32f103c8tx.o
 .debug_rnglists
                0x00000356       0xa3 ./Drivers/STM32F1xx_HAL_Driver/Src/stm32f1xx_hal.o
 .debug_rnglists
                0x000003f9       0xbc ./Drivers/STM32F1xx_HAL_Driver/Src/stm32f1xx_hal_adc.o
 .debug_rnglists
                0x000004b5       0xbb ./Drivers/STM32F1xx_HAL_Driver/Src/stm32f1xx_hal_cortex.o
 .debug_rnglists
                0x00000570       0x64 ./Drivers/STM32F1xx_HAL_Driver/Src/stm32f1xx_hal_dma.o
 .debug_rnglists
                0x000005d4       0x66 ./Drivers/STM32F1xx_HAL_Driver/Src/stm32f1xx_hal_flash.o
 .debug_rnglists
                0x0000063a       0x73 ./Drivers/STM32F1xx_HAL_Driver/Src/stm32f1xx_hal_flash_ex.o
 .debug_rnglists
                0x000006ad       0x3f ./Drivers/STM32F1xx_HAL_Driver/Src/stm32f1xx_hal_gpio.o
 .debug_rnglists
                0x000006ec       0x6c ./Drivers/STM32F1xx_HAL_Driver/Src/stm32f1xx_hal_rcc.o
 .debug_rnglists
                0x00000758       0x21 ./Drivers/STM32F1xx_HAL_Driver/Src/stm32f1xx_hal_rcc_ex.o
 .debug_rnglists
                0x00000779      0x31a ./Drivers/STM32F1xx_HAL_Driver/Src/stm32f1xx_hal_tim.o
 .debug_rnglists
                0x00000a93      0x125 ./Drivers/STM32F1xx_HAL_Driver/Src/stm32f1xx_hal_tim_ex.o
 .debug_rnglists
                0x00000bb8      0x1bc ./Drivers/STM32F1xx_HAL_Driver/Src/stm32f1xx_hal_uart.o

.debug_macro    0x00000000    0x1a5d5
 .debug_macro   0x00000000      0x33e ./Core/Src/main.o
 .debug_macro   0x0000033e      0xacc ./Core/Src/main.o
 .debug_macro   0x00000e0a      0x221 ./Core/Src/main.o
 .debug_macro   0x0000102b       0x2e ./Core/Src/main.o
 .debug_macro   0x00001059       0x22 ./Core/Src/main.o
 .debug_macro   0x0000107b       0x22 ./Core/Src/main.o
 .debug_macro   0x0000109d       0x8e ./Core/Src/main.o
 .debug_macro   0x0000112b       0x51 ./Core/Src/main.o
 .debug_macro   0x0000117c      0x103 ./Core/Src/main.o
 .debug_macro   0x0000127f       0x6a ./Core/Src/main.o
 .debug_macro   0x000012e9      0x1df ./Core/Src/main.o
 .debug_macro   0x000014c8       0x1c ./Core/Src/main.o
 .debug_macro   0x000014e4       0x22 ./Core/Src/main.o
 .debug_macro   0x00001506       0xbd ./Core/Src/main.o
 .debug_macro   0x000015c3      0xd23 ./Core/Src/main.o
 .debug_macro   0x000022e6     0xe09e ./Core/Src/main.o
 .debug_macro   0x00010384       0x6d ./Core/Src/main.o
 .debug_macro   0x000103f1     0x34a2 ./Core/Src/main.o
 .debug_macro   0x00013893      0x190 ./Core/Src/main.o
 .debug_macro   0x00013a23       0x5c ./Core/Src/main.o
 .debug_macro   0x00013a7f      0x5bc ./Core/Src/main.o
 .debug_macro   0x0001403b      0x289 ./Core/Src/main.o
 .debug_macro   0x000142c4      0x1cb ./Core/Src/main.o
 .debug_macro   0x0001448f      0x114 ./Core/Src/main.o
 .debug_macro   0x000145a3      0x1b2 ./Core/Src/main.o
 .debug_macro   0x00014755       0x27 ./Core/Src/main.o
 .debug_macro   0x0001477c      0x136 ./Core/Src/main.o
 .debug_macro   0x000148b2      0x1bc ./Core/Src/main.o
 .debug_macro   0x00014a6e       0x34 ./Core/Src/main.o
 .debug_macro   0x00014aa2       0x3c ./Core/Src/main.o
 .debug_macro   0x00014ade       0x57 ./Core/Src/main.o
 .debug_macro   0x00014b35      0x46a ./Core/Src/main.o
 .debug_macro   0x00014f9f      0x1b5 ./Core/Src/main.o
 .debug_macro   0x00015154       0x87 ./Core/Src/main.o
 .debug_macro   0x000151db      0x240 ./Core/Src/main.o
 .debug_macro   0x0001541b      0x140 ./Core/Src/main.o
 .debug_macro   0x0001555b      0x8ed ./Core/Src/main.o
 .debug_macro   0x00015e48      0x28e ./Core/Src/main.o
 .debug_macro   0x000160d6       0x83 ./Core/Src/main.o
 .debug_macro   0x00016159       0x22 ./Core/Src/main.o
 .debug_macro   0x0001617b       0x61 ./Core/Src/main.o
 .debug_macro   0x000161dc       0x24 ./Core/Src/main.o
 .debug_macro   0x00016200       0x43 ./Core/Src/main.o
 .debug_macro   0x00016243       0x34 ./Core/Src/main.o
 .debug_macro   0x00016277      0x370 ./Core/Src/main.o
 .debug_macro   0x000165e7       0x16 ./Core/Src/main.o
 .debug_macro   0x000165fd       0x4a ./Core/Src/main.o
 .debug_macro   0x00016647       0x34 ./Core/Src/main.o
 .debug_macro   0x0001667b       0x10 ./Core/Src/main.o
 .debug_macro   0x0001668b       0x58 ./Core/Src/main.o
 .debug_macro   0x000166e3       0x8e ./Core/Src/main.o
 .debug_macro   0x00016771       0x1c ./Core/Src/main.o
 .debug_macro   0x0001678d      0x185 ./Core/Src/main.o
 .debug_macro   0x00016912       0x10 ./Core/Src/main.o
 .debug_macro   0x00016922       0x3c ./Core/Src/main.o
 .debug_macro   0x0001695e       0x20 ./Core/Src/main.o
 .debug_macro   0x0001697e       0x16 ./Core/Src/main.o
 .debug_macro   0x00016994       0x16 ./Core/Src/main.o
 .debug_macro   0x000169aa       0x29 ./Core/Src/main.o
 .debug_macro   0x000169d3      0x19b ./Core/Src/main.o
 .debug_macro   0x00016b6e      0x154 ./Core/Src/main.o
 .debug_macro   0x00016cc2       0x10 ./Core/Src/main.o
 .debug_macro   0x00016cd2       0x10 ./Core/Src/main.o
 .debug_macro   0x00016ce2      0x334 ./Core/Src/mm_commands.o
 .debug_macro   0x00017016      0x2ee ./Core/Src/mm_encoders.o
 .debug_macro   0x00017304      0x327 ./Core/Src/mm_floodfill.o
 .debug_macro   0x0001762b      0x315 ./Core/Src/mm_motors.o
 .debug_macro   0x00017940      0x2f8 ./Core/Src/mm_profiles.o
 .debug_macro   0x00017c38      0x304 ./Core/Src/mm_supplemental.o
 .debug_macro   0x00017f3c      0x336 ./Core/Src/mm_systick.o
 .debug_macro   0x00018272      0x319 ./Core/Src/mm_vision.o
 .debug_macro   0x0001858b      0x2e4 ./Core/Src/stm32f1xx_hal_msp.o
 .debug_macro   0x0001886f      0x2fb ./Core/Src/stm32f1xx_it.o
 .debug_macro   0x00018b6a      0x112 ./Core/Src/sysmem.o
 .debug_macro   0x00018c7c      0x23c ./Core/Src/sysmem.o
 .debug_macro   0x00018eb8      0x1b7 ./Core/Src/system_stm32f1xx.o
 .debug_macro   0x0001906f      0x1db ./Drivers/STM32F1xx_HAL_Driver/Src/stm32f1xx_hal.o
 .debug_macro   0x0001924a      0x1d4 ./Drivers/STM32F1xx_HAL_Driver/Src/stm32f1xx_hal_adc.o
 .debug_macro   0x0001941e      0x1b7 ./Drivers/STM32F1xx_HAL_Driver/Src/stm32f1xx_hal_cortex.o
 .debug_macro   0x000195d5      0x1b7 ./Drivers/STM32F1xx_HAL_Driver/Src/stm32f1xx_hal_dma.o
 .debug_macro   0x0001978c      0x1b7 ./Drivers/STM32F1xx_HAL_Driver/Src/stm32f1xx_hal_flash.o
 .debug_macro   0x00019943      0x1c9 ./Drivers/STM32F1xx_HAL_Driver/Src/stm32f1xx_hal_flash_ex.o
 .debug_macro   0x00019b0c      0x222 ./Drivers/STM32F1xx_HAL_Driver/Src/stm32f1xx_hal_gpio.o
 .debug_macro   0x00019d2e      0x1c9 ./Drivers/STM32F1xx_HAL_Driver/Src/stm32f1xx_hal_rcc.o
 .debug_macro   0x00019ef7      0x1b7 ./Drivers/STM32F1xx_HAL_Driver/Src/stm32f1xx_hal_rcc_ex.o
 .debug_macro   0x0001a0ae      0x1b8 ./Drivers/STM32F1xx_HAL_Driver/Src/stm32f1xx_hal_tim.o
 .debug_macro   0x0001a266      0x1b7 ./Drivers/STM32F1xx_HAL_Driver/Src/stm32f1xx_hal_tim_ex.o
 .debug_macro   0x0001a41d      0x1b8 ./Drivers/STM32F1xx_HAL_Driver/Src/stm32f1xx_hal_uart.o

.debug_line     0x00000000    0x16d0d
 .debug_line    0x00000000      0xce3 ./Core/Src/main.o
 .debug_line    0x00000ce3      0x9cc ./Core/Src/mm_commands.o
 .debug_line    0x000016af      0x97f ./Core/Src/mm_encoders.o
 .debug_line    0x0000202e     0x1500 ./Core/Src/mm_floodfill.o
 .debug_line    0x0000352e      0xaeb ./Core/Src/mm_motors.o
 .debug_line    0x00004019      0xba5 ./Core/Src/mm_profiles.o
 .debug_line    0x00004bbe      0xabe ./Core/Src/mm_supplemental.o
 .debug_line    0x0000567c      0x9f1 ./Core/Src/mm_systick.o
 .debug_line    0x0000606d      0xc5c ./Core/Src/mm_vision.o
 .debug_line    0x00006cc9      0xa79 ./Core/Src/stm32f1xx_hal_msp.o
 .debug_line    0x00007742      0xa01 ./Core/Src/stm32f1xx_it.o
 .debug_line    0x00008143      0x588 ./Core/Src/sysmem.o
 .debug_line    0x000086cb      0x7ac ./Core/Src/system_stm32f1xx.o
 .debug_line    0x00008e77       0x78 ./Core/Startup/startup_stm32f103c8tx.o
 .debug_line    0x00008eef      0x9dd ./Drivers/STM32F1xx_HAL_Driver/Src/stm32f1xx_hal.o
 .debug_line    0x000098cc     0x1002 ./Drivers/STM32F1xx_HAL_Driver/Src/stm32f1xx_hal_adc.o
 .debug_line    0x0000a8ce      0xba7 ./Drivers/STM32F1xx_HAL_Driver/Src/stm32f1xx_hal_cortex.o
 .debug_line    0x0000b475      0xde7 ./Drivers/STM32F1xx_HAL_Driver/Src/stm32f1xx_hal_dma.o
 .debug_line    0x0000c25c      0xa91 ./Drivers/STM32F1xx_HAL_Driver/Src/stm32f1xx_hal_flash.o
 .debug_line    0x0000cced      0xba4 ./Drivers/STM32F1xx_HAL_Driver/Src/stm32f1xx_hal_flash_ex.o
 .debug_line    0x0000d891      0xa3a ./Drivers/STM32F1xx_HAL_Driver/Src/stm32f1xx_hal_gpio.o
 .debug_line    0x0000e2cb      0xe96 ./Drivers/STM32F1xx_HAL_Driver/Src/stm32f1xx_hal_rcc.o
 .debug_line    0x0000f161      0x947 ./Drivers/STM32F1xx_HAL_Driver/Src/stm32f1xx_hal_rcc_ex.o
 .debug_line    0x0000faa8     0x34cb ./Drivers/STM32F1xx_HAL_Driver/Src/stm32f1xx_hal_tim.o
 .debug_line    0x00012f73     0x18a1 ./Drivers/STM32F1xx_HAL_Driver/Src/stm32f1xx_hal_tim_ex.o
 .debug_line    0x00014814     0x24f9 ./Drivers/STM32F1xx_HAL_Driver/Src/stm32f1xx_hal_uart.o

.debug_str      0x00000000    0x91857
 .debug_str     0x00000000    0x91857 ./Core/Src/main.o
                              0x8d746 (size before relaxing)
 .debug_str     0x00091857    0x8c810 ./Core/Src/mm_commands.o
 .debug_str     0x00091857    0x8c8aa ./Core/Src/mm_encoders.o
 .debug_str     0x00091857    0x8ca11 ./Core/Src/mm_floodfill.o
 .debug_str     0x00091857    0x8c72e ./Core/Src/mm_motors.o
 .debug_str     0x00091857    0x8c44f ./Core/Src/mm_profiles.o
 .debug_str     0x00091857    0x8c8ff ./Core/Src/mm_supplemental.o
 .debug_str     0x00091857    0x8c584 ./Core/Src/mm_systick.o
 .debug_str     0x00091857    0x8ca0b ./Core/Src/mm_vision.o
 .debug_str     0x00091857    0x8ce3f ./Core/Src/stm32f1xx_hal_msp.o
 .debug_str     0x00091857    0x8c9b6 ./Core/Src/stm32f1xx_it.o
 .debug_str     0x00091857     0x772a ./Core/Src/sysmem.o
 .debug_str     0x00091857    0x881a2 ./Core/Src/system_stm32f1xx.o
 .debug_str     0x00091857       0x84 ./Core/Startup/startup_stm32f103c8tx.o
 .debug_str     0x00091857    0x888d5 ./Drivers/STM32F1xx_HAL_Driver/Src/stm32f1xx_hal.o
 .debug_str     0x00091857    0x88886 ./Drivers/STM32F1xx_HAL_Driver/Src/stm32f1xx_hal_adc.o
 .debug_str     0x00091857    0x88821 ./Drivers/STM32F1xx_HAL_Driver/Src/stm32f1xx_hal_cortex.o