../Core/Src/mm_profiles.c:29:6:Clear_Profile	16	static
../Core/Src/mm_profiles.c:35:6:Start_Profile	8	static
../Core/Src/mm_profiles.c:59:6:Profile_Container	24	static
../Core/Src/mm_profiles.c:67:6:Turn_Container	16	static
../Core/Src/mm_profiles.c:82:6:Smooth_Turn_Container	16	static
../Core/Src/mm_profiles.c:96:6:About_Face_Container	16	static
../Core/Src/mm_profiles.c:119:9:Parameter_Packer	56	static
../Core/Src/mm_profiles.c:131:7:Calculate_Braking_Distance	32	static
../Core/Src/mm_profiles.c:135:6:Update_Profile	40	static
