../Core/Src/mm_supplemental.c:26:6:LED_Power_Init	8	static
../Core/Src/mm_supplemental.c:30:6:Reset_Buffers	16	static
../Core/Src/mm_supplemental.c:35:6:Pulse_Buzzer	16	static
../Core/Src/mm_supplemental.c:40:6:LED_Red_Toggle	8	static
../Core/Src/mm_supplemental.c:44:6:LED_Green_Toggle	8	static
../Core/Src/mm_supplemental.c:48:6:LED_Blue_Toggle	8	static
../Core/Src/mm_supplemental.c:52:7:Calculate_Battery_Bias	16	static
../Core/Src/mm_supplemental.c:56:8:Read_Battery	16	static
../Core/Src/mm_supplemental.c:65:6:ARM_Button	16	static
../Core/Src/mm_supplemental.c:73:6:RACE_Button	8	static
../Core/Src/mm_supplemental.c:79:6:LOADMAZE_Button	4	static
