../Core/Src/mm_supplemental.c:31:6:LED_Power_Init	8	static
../Core/Src/mm_supplemental.c:35:6:Reset_Buffers	16	static
../Core/Src/mm_supplemental.c:40:6:Pulse_Buzzer	16	static
../Core/Src/mm_supplemental.c:45:6:LED_Red_Toggle	8	static
../Core/Src/mm_supplemental.c:49:6:LED_Green_Toggle	8	static
../Core/Src/mm_supplemental.c:53:6:LED_Blue_Toggle	8	static
../Core/Src/mm_supplemental.c:57:6:LED_Blue_Set	8	static
../Core/Src/mm_supplemental.c:61:7:Calculate_Battery_Bias	16	static
../Core/Src/mm_supplemental.c:65:8:Read_Battery	16	static
../Core/Src/mm_supplemental.c:74:6:Save_Maze_To_Flash	56	static
../Core/Src/mm_supplemental.c:102:6:Load_Maze_From_Flash	24	static
../Core/Src/mm_supplemental.c:107:6:ARM_Button	16	static
../Core/Src/mm_supplemental.c:115:6:RACE_Button	8	static
../Core/Src/mm_supplemental.c:131:6:LOADMAZE_Button	8	static
