../Core/Src/mm_vision.c:41:13:ADC1_Select_CH9	24	static
../Core/Src/mm_vision.c:52:13:ADC1_Select_CH8	24	static
../Core/Src/mm_vision.c:63:13:ADC1_Select_CH5	24	static
../Core/Src/mm_vision.c:74:13:ADC1_Select_CH4	24	static
../Core/Src/mm_vision.c:85:10:Measure_Dist	24	static
../Core/Src/mm_vision.c:125:6:Calibrate_Readings	16	static
../Core/Src/mm_vision.c:132:6:Poll_Sensors	16	static
../Core/Src/mm_vision.c:141:6:Wall_Front	16	static
../Core/Src/mm_vision.c:156:6:Wall_Left	8	static
../Core/Src/mm_vision.c:169:6:Wall_Right	8	static
../Core/Src/mm_vision.c:183:6:Calculate_Steering_Adjustment	32	static
../Core/Src/mm_vision.c:193:6:Calculate_Error	24	static
