../Core/Src/mm_vision.c:33:13:ADC1_Select_CH9	24	static
../Core/Src/mm_vision.c:44:13:ADC1_Select_CH8	24	static
../Core/Src/mm_vision.c:55:13:ADC1_Select_CH5	24	static
../Core/Src/mm_vision.c:66:13:ADC1_Select_CH4	24	static
../Core/Src/mm_vision.c:77:10:Measure_Dist	24	static
../Core/Src/mm_vision.c:117:6:Calibrate_Readings	16	static
../Core/Src/mm_vision.c:124:6:Poll_Sensors	16	static
../Core/Src/mm_vision.c:133:6:Wall_Front	16	static
../Core/Src/mm_vision.c:148:6:Wall_Left	8	static
../Core/Src/mm_vision.c:161:6:Wall_Right	8	static
